Archive member included because of file (symbol)

c:/program files (x86)/microchip/xc32/v1.34/bin/bin/../../lib/gcc/pic32mx/4.5.2/../../../../pic32mx/lib\libmchp_peripheral.a(read_core_timer_lib.o)
                              build/XC32_PIC32MX795F512L/production/system.o (ReadCoreTimer)
c:/program files (x86)/microchip/xc32/v1.34/bin/bin/../../lib/gcc/pic32mx/4.5.2/../../../../pic32mx/lib\libmchp_peripheral_32MX795F512L.a(pcache.o)
                              build/XC32_PIC32MX795F512L/production/main.o (CheKseg0CacheOn)
c:/program files (x86)/microchip/xc32/v1.34/bin/bin/../../lib/gcc/pic32mx/4.5.2/../../../../pic32mx/lib\libmchp_peripheral_32MX795F512L.a(int_configure_system_lib.o)
                              build/XC32_PIC32MX795F512L/production/main.o (INTConfigureSystem)
c:/program files (x86)/microchip/xc32/v1.34/bin/bin/../../lib/gcc/pic32mx/4.5.2/../../../../pic32mx/lib\libmchp_peripheral_32MX795F512L.a(int_enable_interrupts_lib.o)
                              build/XC32_PIC32MX795F512L/production/USB/usb_device.o (INTEnableInterrupts)
c:/program files (x86)/microchip/xc32/v1.34/bin/bin/../../lib/gcc/pic32mx/4.5.2/../../../../pic32mx/lib\libmchp_peripheral_32MX795F512L.a(int_disable_interrupts_lib.o)
                              build/XC32_PIC32MX795F512L/production/main.o (INTDisableInterrupts)
c:/program files (x86)/microchip/xc32/v1.34/bin/bin/../../lib/gcc/pic32mx/4.5.2/../../../../pic32mx/lib\libmchp_peripheral_32MX795F512L.a(int_restore_interrupts_lib.o)
                              build/XC32_PIC32MX795F512L/production/main.o (INTRestoreInterrupts)
c:/program files (x86)/microchip/xc32/v1.34/bin/bin/../../lib/gcc/pic32mx/4.5.2/../../../../pic32mx/lib\libmchp_peripheral_32MX795F512L.a(int_enable_mv_int_lib.o)
                              build/XC32_PIC32MX795F512L/production/USB/usb_device.o (INTEnableSystemMultiVectoredInt)
c:/program files (x86)/microchip/xc32/v1.34/bin/bin/../../lib/gcc/pic32mx/4.5.2/../../../../pic32mx/lib\libmchp_peripheral_32MX795F512L.a(int_tbl_lib.o)
                              build/XC32_PIC32MX795F512L/production/USB/usb_device.o (INTClearFlag)
c:/program files (x86)/microchip/xc32/v1.34/bin/bin/../../lib/gcc/pic32mx/4.5.2/../../../../pic32mx/lib\libmchp_peripheral_32MX795F512L.a(uart_lib.o)
                              build/XC32_PIC32MX795F512L/production/RS485.o (UARTEnable)
c:/program files (x86)/microchip/xc32/v1.34/bin/bin/../../lib/gcc/pic32mx/4.5.2/../../../../pic32mx/lib\libmchp_peripheral_32MX795F512L.a(idle_i2c2_lib_legacy.o)
                              build/XC32_PIC32MX795F512L/production/i2c.o (IdleI2C2)
c:/program files (x86)/microchip/xc32/v1.34/bin/bin/../../lib/gcc/pic32mx/4.5.2/../../../../pic32mx/lib\libmchp_peripheral_32MX795F512L.a(master_gets_i2c2_lib_legacy.o)
                              build/XC32_PIC32MX795F512L/production/i2c.o (MastergetsI2C2)
c:/program files (x86)/microchip/xc32/v1.34/bin/bin/../../lib/gcc/pic32mx/4.5.2/../../../../pic32mx/lib\libmchp_peripheral_32MX795F512L.a(master_write_i2c2_lib_legacy.o)
                              build/XC32_PIC32MX795F512L/production/i2c.o (MasterWriteI2C2)
c:/program files (x86)/microchip/xc32/v1.34/bin/bin/../../lib/gcc/pic32mx/4.5.2/../../../../pic32mx/lib\libpic32.a(memset.o)
                              build/XC32_PIC32MX795F512L/production/USB/usb_device.o (memset)
c:/program files (x86)/microchip/xc32/v1.34/bin/bin/../../lib/gcc/pic32mx/4.5.2/../../../../pic32mx/lib\libpic32.a(default-bootstrap-exception-handler.o)
                              c:/program files (x86)/microchip/xc32/v1.34/bin/bin/../../lib/gcc/pic32mx/4.5.2/../../../../pic32mx/lib/./proc/32MX795F512L/crt0_mips32r2.o (_bootstrap_exception_handler)
c:/program files (x86)/microchip/xc32/v1.34/bin/bin/../../lib/gcc/pic32mx/4.5.2/../../../../pic32mx/lib\libpic32.a(default-on-reset.o)
                              c:/program files (x86)/microchip/xc32/v1.34/bin/bin/../../lib/gcc/pic32mx/4.5.2/../../../../pic32mx/lib/./proc/32MX795F512L/crt0_mips32r2.o (_on_reset)
c:/program files (x86)/microchip/xc32/v1.34/bin/bin/../../lib/gcc/pic32mx/4.5.2/../../../../pic32mx/lib\libpic32.a(default-on-bootstrap.o)
                              c:/program files (x86)/microchip/xc32/v1.34/bin/bin/../../lib/gcc/pic32mx/4.5.2/../../../../pic32mx/lib/./proc/32MX795F512L/crt0_mips32r2.o (_on_bootstrap)
c:/program files (x86)/microchip/xc32/v1.34/bin/bin/../../lib/gcc/pic32mx/4.5.2/../../../../pic32mx/lib\libpic32.a(default-nmi-handler.o)
                              c:/program files (x86)/microchip/xc32/v1.34/bin/bin/../../lib/gcc/pic32mx/4.5.2/../../../../pic32mx/lib/./proc/32MX795F512L/crt0_mips32r2.o (_nmi_handler)
c:/program files (x86)/microchip/xc32/v1.34/bin/bin/../../lib/gcc/pic32mx/4.5.2/../../../../pic32mx/lib\libpic32.a(general-exception.o)
[...]
Memory Configuration

Name             Origin             Length             Attributes
kseg0_program_mem 0x9d000000         0x00080000         xr
kseg0_boot_mem   0x9fc00490         0x00000970
exception_mem    0x9fc01000         0x00001000
kseg1_boot_mem   0xbfc00000         0x00000490
debug_exec_mem   0xbfc02000         0x00000ff0
config3          0xbfc02ff0         0x00000004
config2          0xbfc02ff4         0x00000004
config1          0xbfc02ff8         0x00000004
config0          0xbfc02ffc         0x00000004
kseg1_data_mem   0xa0000000         0x00020000         w !x
sfrs             0xbf800000         0x00100000
configsfrs       0xbfc02ff0         0x00000010
*default*        0x00000000         0xffffffff

Linker script and memory map

LOAD c:/program files (x86)/microchip/xc32/v1.34/bin/bin/../../lib/gcc/pic32mx/4.5.2/../../../../pic32mx/lib/./proc/32MX795F512L/crt0_mips32r2.o
LOAD c:/program files (x86)/microchip/xc32/v1.34/bin/bin/../../lib/gcc/pic32mx/4.5.2/../../../../pic32mx/lib\debug-exception-return.o
LOAD build/XC32_PIC32MX795F512L/production/USB/usb_device.o
LOAD build/XC32_PIC32MX795F512L/production/USB/usb_function_hid.o
LOAD build/XC32_PIC32MX795F512L/production/configuration_bits.o
LOAD build/XC32_PIC32MX795F512L/production/exceptions.o
LOAD build/XC32_PIC32MX795F512L/production/interrupts.o
LOAD build/XC32_PIC32MX795F512L/production/main.o
LOAD build/XC32_PIC32MX795F512L/production/system.o
LOAD build/XC32_PIC32MX795F512L/production/user.o
LOAD build/XC32_PIC32MX795F512L/production/usb_descriptors.o
LOAD build/XC32_PIC32MX795F512L/production/RS485.o
LOAD build/XC32_PIC32MX795F512L/production/bluetooth.o
LOAD build/XC32_PIC32MX795F512L/production/i2c.o
LOAD build/XC32_PIC32MX795F512L/production/debug.o
LOAD build/XC32_PIC32MX795F512L/production/steppercontrol.o
                0x00000001                __MPLAB_BUILD = 0x1
                0x00000020                _min_stack_size = 0x20
LOAD c:/program files (x86)/microchip/xc32/v1.34/bin/bin/../../lib/gcc/pic32mx/4.5.2/../../../../pic32mx/lib/./proc/32MX795F512L\default_isr_vectors.o
LOAD c:/program files (x86)/microchip/xc32/v1.34/bin/bin/../../lib/gcc/pic32mx/4.5.2/../../../../pic32mx/lib\pic32_software_reset.o
                0x00000400                PROVIDE (_min_stack_size, 0x400)
LOAD c:/program files (x86)/microchip/xc32/v1.34/bin/bin/../../lib/gcc/pic32mx/4.5.2/../../../../pic32mx/lib/./proc/32MX795F512L\processor.o
START GROUP
LOAD c:/program files (x86)/microchip/xc32/v1.34/bin/bin/../../lib/gcc/pic32mx/4.5.2/../../../../pic32mx/lib\libmchp_peripheral.a
END GROUP
START GROUP
LOAD c:/program files (x86)/microchip/xc32/v1.34/bin/bin/../../lib/gcc/pic32mx/4.5.2/../../../../pic32mx/lib\libmchp_peripheral_32MX795F512L.a
END GROUP
                0x00000001                PROVIDE (_vector_spacing, 0x1)
                0x9fc01000                _ebase_address = 0x9fc01000
                0xbfc00000                _RESET_ADDR = 0xbfc00000
                0xbfc00380                _BEV_EXCPT_ADDR = 0xbfc00380
                0xbfc00480                _DBG_EXCPT_ADDR = 0xbfc00480
                0xbfc02000                _DBG_CODE_ADDR = 0xbfc02000
                0x00000ff0                _DBG_CODE_SIZE = 0xff0
                0x9fc01180                _GEN_EXCPT_ADDR = (_ebase_address + 0x180)

.config_BFC02FF0
                0xbfc02ff0        0x4
 *(.config_BFC02FF0)
 .config_BFC02FF0
                0xbfc02ff0        0x4 build/XC32_PIC32MX795F512L/production/configuration_bits.o

.config_BFC02FF4
                0xbfc02ff4        0x4
 *(.config_BFC02FF4)
 .config_BFC02FF4
                0xbfc02ff4        0x4 build/XC32_PIC32MX795F512L/production/configuration_bits.o

.config_BFC02FF8
                0xbfc02ff8        0x4
 *(.config_BFC02FF8)
 .config_BFC02FF8
                0xbfc02ff8        0x4 build/XC32_PIC32MX795F512L/production/configuration_bits.o

.config_BFC02FFC
                0xbfc02ffc        0x4
 *(.config_BFC02FFC)
 .config_BFC02FFC
                0xbfc02ffc        0x4 build/XC32_PIC32MX795F512L/production/configuration_bits.o
                0xbfc02000                PROVIDE (_DBG_CODE_ADDR, 0xbfc02000)
                0x00000ff0                PROVIDE (_DBG_CODE_SIZE, 0xff0)

.reset          0xbfc00000      0x1f0
 *(.reset)
 .reset         0xbfc00000        0x8 c:/program files (x86)/microchip/xc32/v1.34/bin/bin/../../lib/gcc/pic32mx/4.5.2/../../../../pic32mx/lib/./proc/32MX795F512L/crt0_mips32r2.o
                0xbfc00000                _reset
 *(.reset.startup)
 .reset.startup
                0xbfc00008      0x1e8 c:/program files (x86)/microchip/xc32/v1.34/bin/bin/../../lib/gcc/pic32mx/4.5.2/../../../../pic32mx/lib/./proc/32MX795F512L/crt0_mips32r2.o

.bev_excpt      0xbfc00380       0x10
 *(.bev_handler)
 .bev_handler   0xbfc00380       0x10 c:/program files (x86)/microchip/xc32/v1.34/bin/bin/../../lib/gcc/pic32mx/4.5.2/../../../../pic32mx/lib/./proc/32MX795F512L/crt0_mips32r2.o

.dbg_excpt      0xbfc00480        0x0
                0xbfc00480                . = (. + DEFINED (_DEBUGGER)?0x8:0x0)

.dbg_code       0xbfc02000        0x0
                0xbfc02000                . = (. + DEFINED (_DEBUGGER)?_DBG_CODE_SIZE:0x0)

.app_excpt      0x9fc01180       0x10
 *(.gen_handler)
 .gen_handler   0x9fc01180       0x10 c:/program files (x86)/microchip/xc32/v1.34/bin/bin/../../lib/gcc/pic32mx/4.5.2/../../../../pic32mx/lib/./proc/32MX795F512L/crt0_mips32r2.o

.vector_0       0x9fc01200        0x8
 *(.vector_0)
 .vector_0      0x9fc01200        0x8 c:/program files (x86)/microchip/xc32/v1.34/bin/bin/../../lib/gcc/pic32mx/4.5.2/../../../../pic32mx/lib\libpic32.a(vector0.o)
                0x9fc01200                __vector_dispatch_0
                0x00000001                ASSERT (((_vector_spacing == 0x0) || (SIZEOF (.vector_0) <= (_vector_spacing << 0x5))), function at exception vector 0 too large)

.vector_1       0x9fc01220        0x8
 *(.vector_1)
 .vector_1      0x9fc01220        0x8 c:/program files (x86)/microchip/xc32/v1.34/bin/bin/../../lib/gcc/pic32mx/4.5.2/../../../../pic32mx/lib\libpic32.a(vector1.o)
                0x9fc01220                __vector_dispatch_1
                0x00000001                ASSERT (((_vector_spacing == 0x0) || (SIZEOF (.vector_1) <= (_vector_spacing << 0x5))), function at exception vector 1 too large)

.vector_2       0x9fc01240        0x8
 *(.vector_2)
 .vector_2      0x9fc01240        0x8 c:/program files (x86)/microchip/xc32/v1.34/bin/bin/../../lib/gcc/pic32mx/4.5.2/../../../../pic32mx/lib\libpic32.a(vector2.o)
                0x9fc01240                __vector_dispatch_2
                0x00000001                ASSERT (((_vector_spacing == 0x0) || (SIZEOF (.vector_2) <= (_vector_spacing << 0x5))), function at exception vector 2 too large)

.vector_3       0x9fc01260        0x8
 *(.vector_3)
 .vector_3      0x9fc01260        0x8 c:/program files (x86)/microchip/xc32/v1.34/bin/bin/../../lib/gcc/pic32mx/4.5.2/../../../../pic32mx/lib\libpic32.a(vector3.o)
                0x9fc01260                __vector_dispatch_3
                0x00000001                ASSERT (((_vector_spacing == 0x0) || (SIZEOF (.vector_3) <= (_vector_spacing << 0x5))), function at exception vector 3 too large)

.vector_4       0x9fc01280        0x8
 *(.vector_4)
 .vector_4      0x9fc01280        0x8 c:/program files (x86)/microchip/xc32/v1.34/bin/bin/../../lib/gcc/pic32mx/4.5.2/../../../../pic32mx/lib\libpic32.a(vector4.o)
                0x9fc01280                __vector_dispatch_4
                0x00000001                ASSERT (((_vector_spacing == 0x0) || (SIZEOF (.vector_4) <= (_vector_spacing << 0x5))), function at exception vector 4 too large)

.vector_5       0x9fc012a0        0x8
 *(.vector_5)
 .vector_5      0x9fc012a0        0x8 c:/program files (x86)/microchip/xc32/v1.34/bin/bin/../../lib/gcc/pic32mx/4.5.2/../../../../pic32mx/lib\libpic32.a(vector5.o)
                0x9fc012a0                __vector_dispatch_5
                0x00000001                ASSERT (((_vector_spacing == 0x0) || (SIZEOF (.vector_5) <= (_vector_spacing << 0x5))), function at exception vector 5 too large)

.vector_6       0x9fc012c0        0x8
 *(.vector_6)
 .vector_6      0x9fc012c0        0x8 c:/program files (x86)/microchip/xc32/v1.34/bin/bin/../../lib/gcc/pic32mx/4.5.2/../../../../pic32mx/lib\libpic32.a(vector6.o)
                0x9fc012c0                __vector_dispatch_6
                0x00000001                ASSERT (((_vector_spacing == 0x0) || (SIZEOF (.vector_6) <= (_vector_spacing << 0x5))), function at exception vector 6 too large)

.vector_7       0x9fc012e0        0x8
 *(.vector_7)
 .vector_7      0x9fc012e0        0x8 c:/program files (x86)/microchip/xc32/v1.34/bin/bin/../../lib/gcc/pic32mx/4.5.2/../../../../pic32mx/lib\libpic32.a(vector7.o)
                0x9fc012e0                __vector_dispatch_7
                0x00000001                ASSERT (((_vector_spacing == 0x0) || (SIZEOF (.vector_7) <= (_vector_spacing << 0x5))), function at exception vector 7 too large)

.vector_8       0x9fc01300        0x8
 *(.vector_8)
 .vector_8      0x9fc01300        0x8 c:/program files (x86)/microchip/xc32/v1.34/bin/bin/../../lib/gcc/pic32mx/4.5.2/../../../../pic32mx/lib\libpic32.a(vector8.o)
                0x9fc01300                __vector_dispatch_8
                0x00000001                ASSERT (((_vector_spacing == 0x0) || (SIZEOF (.vector_8) <= (_vector_spacing << 0x5))), function at exception vector 8 too large)

.vector_9       0x9fc01320        0x8
 *(.vector_9)
 .vector_9      0x9fc01320        0x8 c:/program files (x86)/microchip/xc32/v1.34/bin/bin/../../lib/gcc/pic32mx/4.5.2/../../../../pic32mx/lib\libpic32.a(vector9.o)
                0x9fc01320                __vector_dispatch_9
                0x00000001                ASSERT (((_vector_spacing == 0x0) || (SIZEOF (.vector_9) <= (_vector_spacing << 0x5))), function at exception vector 9 too large)

.vector_10      0x9fc01340        0x8
 *(.vector_10)
 .vector_10     0x9fc01340        0x8 c:/program files (x86)/microchip/xc32/v1.34/bin/bin/../../lib/gcc/pic32mx/4.5.2/../../../../pic32mx/lib\libpic32.a(vector10.o)
                0x9fc01340                __vector_dispatch_10
                0x00000001                ASSERT (((_vector_spacing == 0x0) || (SIZEOF (.vector_10) <= (_vector_spacing << 0x5))), function at exception vector 10 too large)

.vector_11      0x9fc01360        0x8
 *(.vector_11)
 .vector_11     0x9fc01360        0x8 c:/program files (x86)/microchip/xc32/v1.34/bin/bin/../../lib/gcc/pic32mx/4.5.2/../../../../pic32mx/lib\libpic32.a(vector11.o)
                0x9fc01360                __vector_dispatch_11
                0x00000001                ASSERT (((_vector_spacing == 0x0) || (SIZEOF (.vector_11) <= (_vector_spacing << 0x5))), function at exception vector 11 too large)

.vector_12      0x9fc01380        0x8
 *(.vector_12)
 .vector_12     0x9fc01380        0x8 c:/program files (x86)/microchip/xc32/v1.34/bin/bin/../../lib/gcc/pic32mx/4.5.2/../../../../pic32mx/lib\libpic32.a(vector12.o)
                0x9fc01380                __vector_dispatch_12
                0x00000001                ASSERT (((_vector_spacing == 0x0) || (SIZEOF (.vector_12) <= (_vector_spacing << 0x5))), function at exception vector 12 too large)

.vector_13      0x9fc013a0        0x8
 *(.vector_13)
 .vector_13     0x9fc013a0        0x8 c:/program files (x86)/microchip/xc32/v1.34/bin/bin/../../lib/gcc/pic32mx/4.5.2/../../../../pic32mx/lib\libpic32.a(vector13.o)
                0x9fc013a0                __vector_dispatch_13
                0x00000001                ASSERT (((_vector_spacing == 0x0) || (SIZEOF (.vector_13) <= (_vector_spacing << 0x5))), function at exception vector 13 too large)

.vector_14      0x9fc013c0        0x8
 *(.vector_14)
 .vector_14     0x9fc013c0        0x8 c:/program files (x86)/microchip/xc32/v1.34/bin/bin/../../lib/gcc/pic32mx/4.5.2/../../../../pic32mx/lib\libpic32.a(vector14.o)
                0x9fc013c0                __vector_dispatch_14
                0x00000001                ASSERT (((_vector_spacing == 0x0) || (SIZEOF (.vector_14) <= (_vector_spacing << 0x5))), function at exception vector 14 too large)

.vector_15      0x9fc013e0        0x8
 *(.vector_15)
 .vector_15     0x9fc013e0        0x8 c:/program files (x86)/microchip/xc32/v1.34/bin/bin/../../lib/gcc/pic32mx/4.5.2/../../../../pic32mx/lib\libpic32.a(vector15.o)
                0x9fc013e0                __vector_dispatch_15
                0x00000001                ASSERT (((_vector_spacing == 0x0) || (SIZEOF (.vector_15) <= (_vector_spacing << 0x5))), function at exception vector 15 too large)

.vector_16      0x9fc01400        0x8
 *(.vector_16)
 .vector_16     0x9fc01400        0x8 c:/program files (x86)/microchip/xc32/v1.34/bin/bin/../../lib/gcc/pic32mx/4.5.2/../../../../pic32mx/lib\libpic32.a(vector16.o)
                0x9fc01400                __vector_dispatch_16
                0x00000001                ASSERT (((_vector_spacing == 0x0) || (SIZEOF (.vector_16) <= (_vector_spacing << 0x5))), function at exception vector 16 too large)

.vector_17      0x9fc01420        0x8
 *(.vector_17)
 .vector_17     0x9fc01420        0x8 c:/program files (x86)/microchip/xc32/v1.34/bin/bin/../../lib/gcc/pic32mx/4.5.2/../../../../pic32mx/lib\libpic32.a(vector17.o)
                0x9fc01420                __vector_dispatch_17
                0x00000001                ASSERT (((_vector_spacing == 0x0) || (SIZEOF (.vector_17) <= (_vector_spacing << 0x5))), function at exception vector 17 too large)

.vector_18      0x9fc01440        0x8
 *(.vector_18)
 .vector_18     0x9fc01440        0x8 c:/program files (x86)/microchip/xc32/v1.34/bin/bin/../../lib/gcc/pic32mx/4.5.2/../../../../pic32mx/lib\libpic32.a(vector18.o)
                0x9fc01440                __vector_dispatch_18
                0x00000001                ASSERT (((_vector_spacing == 0x0) || (SIZEOF (.vector_18) <= (_vector_spacing << 0x5))), function at exception vector 18 too large)

.vector_19      0x9fc01460        0x8
 *(.vector_19)
 .vector_19     0x9fc01460        0x8 c:/program files (x86)/microchip/xc32/v1.34/bin/bin/../../lib/gcc/pic32mx/4.5.2/../../../../pic32mx/lib\libpic32.a(vector19.o)
                0x9fc01460                __vector_dispatch_19
                0x00000001                ASSERT (((_vector_spacing == 0x0) || (SIZEOF (.vector_19) <= (_vector_spacing << 0x5))), function at exception vector 19 too large)

.vector_20      0x9fc01480        0x8
 *(.vector_20)
 .vector_20     0x9fc01480        0x8 build/XC32_PIC32MX795F512L/production/RS485.o
                0x9fc01480                __vector_dispatch_20
                0x00000001                ASSERT (((_vector_spacing == 0x0) || (SIZEOF (.vector_20) <= (_vector_spacing << 0x5))), function at exception vector 20 too large)

.vector_21      0x9fc014a0        0x8
 *(.vector_21)
 .vector_21     0x9fc014a0        0x8 c:/program files (x86)/microchip/xc32/v1.34/bin/bin/../../lib/gcc/pic32mx/4.5.2/../../../../pic32mx/lib\libpic32.a(vector21.o)
                0x9fc014a0                __vector_dispatch_21
                0x00000001                ASSERT (((_vector_spacing == 0x0) || (SIZEOF (.vector_21) <= (_vector_spacing << 0x5))), function at exception vector 21 too large)

.vector_22      0x9fc014c0        0x8
 *(.vector_22)
 .vector_22     0x9fc014c0        0x8 c:/program files (x86)/microchip/xc32/v1.34/bin/bin/../../lib/gcc/pic32mx/4.5.2/../../../../pic32mx/lib\libpic32.a(vector22.o)
                0x9fc014c0                __vector_dispatch_22
                0x00000001                ASSERT (((_vector_spacing == 0x0) || (SIZEOF (.vector_22) <= (_vector_spacing << 0x5))), function at exception vector 22 too large)

.vector_23      0x9fc014e0        0x8
 *(.vector_23)
 .vector_23     0x9fc014e0        0x8 c:/program files (x86)/microchip/xc32/v1.34/bin/bin/../../lib/gcc/pic32mx/4.5.2/../../../../pic32mx/lib\libpic32.a(vector23.o)
                0x9fc014e0                __vector_dispatch_23
                0x00000001                ASSERT (((_vector_spacing == 0x0) || (SIZEOF (.vector_23) <= (_vector_spacing << 0x5))), function at exception vector 23 too large)

.vector_24      0x9fc01500        0x8
 *(.vector_24)
 .vector_24     0x9fc01500        0x8 c:/program files (x86)/microchip/xc32/v1.34/bin/bin/../../lib/gcc/pic32mx/4.5.2/../../../../pic32mx/lib\libpic32.a(vector24.o)
                0x9fc01500                __vector_dispatch_24
                0x00000001                ASSERT (((_vector_spacing == 0x0) || (SIZEOF (.vector_24) <= (_vector_spacing << 0x5))), function at exception vector 24 too large)

.vector_25      0x9fc01520        0x8
 *(.vector_25)
 .vector_25     0x9fc01520        0x8 c:/program files (x86)/microchip/xc32/v1.34/bin/bin/../../lib/gcc/pic32mx/4.5.2/../../../../pic32mx/lib\libpic32.a(vector25.o)
                0x9fc01520                __vector_dispatch_25
                0x00000001                ASSERT (((_vector_spacing == 0x0) || (SIZEOF (.vector_25) <= (_vector_spacing << 0x5))), function at exception vector 25 too large)

.vector_26      0x9fc01540        0x8
 *(.vector_26)
 .vector_26     0x9fc01540        0x8 c:/program files (x86)/microchip/xc32/v1.34/bin/bin/../../lib/gcc/pic32mx/4.5.2/../../../../pic32mx/lib\libpic32.a(vector26.o)
                0x9fc01540                __vector_dispatch_26
                0x00000001                ASSERT (((_vector_spacing == 0x0) || (SIZEOF (.vector_26) <= (_vector_spacing << 0x5))), function at exception vector 26 too large)

.vector_27      0x9fc01560        0x8
 *(.vector_27)
 .vector_27     0x9fc01560        0x8 c:/program files (x86)/microchip/xc32/v1.34/bin/bin/../../lib/gcc/pic32mx/4.5.2/../../../../pic32mx/lib\libpic32.a(vector27.o)
                0x9fc01560                __vector_dispatch_27
                0x00000001                ASSERT (((_vector_spacing == 0x0) || (SIZEOF (.vector_27) <= (_vector_spacing << 0x5))), function at exception vector 27 too large)

.vector_28      0x9fc01580        0x8
 *(.vector_28)
 .vector_28     0x9fc01580        0x8 c:/program files (x86)/microchip/xc32/v1.34/bin/bin/../../lib/gcc/pic32mx/4.5.2/../../../../pic32mx/lib\libpic32.a(vector28.o)
                0x9fc01580                __vector_dispatch_28
                0x00000001                ASSERT (((_vector_spacing == 0x0) || (SIZEOF (.vector_28) <= (_vector_spacing << 0x5))), function at exception vector 28 too large)

.vector_29      0x9fc015a0        0x8
 *(.vector_29)
 .vector_29     0x9fc015a0        0x8 c:/program files (x86)/microchip/xc32/v1.34/bin/bin/../../lib/gcc/pic32mx/4.5.2/../../../../pic32mx/lib\libpic32.a(vector29.o)
                0x9fc015a0                __vector_dispatch_29
                0x00000001                ASSERT (((_vector_spacing == 0x0) || (SIZEOF (.vector_29) <= (_vector_spacing << 0x5))), function at exception vector 29 too large)

.vector_30      0x9fc015c0        0x8
 *(.vector_30)
 .vector_30     0x9fc015c0        0x8 c:/program files (x86)/microchip/xc32/v1.34/bin/bin/../../lib/gcc/pic32mx/4.5.2/../../../../pic32mx/lib\libpic32.a(vector30.o)
                0x9fc015c0                __vector_dispatch_30
                0x00000001                ASSERT (((_vector_spacing == 0x0) || (SIZEOF (.vector_30) <= (_vector_spacing << 0x5))), function at exception vector 30 too large)

.vector_31      0x9fc015e0        0x8
 *(.vector_31)
 .vector_31     0x9fc015e0        0x8 build/XC32_PIC32MX795F512L/production/RS485.o
                0x9fc015e0                __vector_dispatch_31
                0x00000001                ASSERT (((_vector_spacing == 0x0) || (SIZEOF (.vector_31) <= (_vector_spacing << 0x5))), function at exception vector 31 too large)

.vector_32      0x9fc01600        0x8
 *(.vector_32)
 .vector_32     0x9fc01600        0x8 c:/program files (x86)/microchip/xc32/v1.34/bin/bin/../../lib/gcc/pic32mx/4.5.2/../../../../pic32mx/lib\libpic32.a(vector32.o)
                0x9fc01600                __vector_dispatch_32
                0x00000001                ASSERT (((_vector_spacing == 0x0) || (SIZEOF (.vector_32) <= (_vector_spacing << 0x5))), function at exception vector 32 too large)

.vector_33      0x9fc01620        0x8
 *(.vector_33)
 .vector_33     0x9fc01620        0x8 c:/program files (x86)/microchip/xc32/v1.34/bin/bin/../../lib/gcc/pic32mx/4.5.2/../../../../pic32mx/lib\libpic32.a(vector33.o)
                0x9fc01620                __vector_dispatch_33
                0x00000001                ASSERT (((_vector_spacing == 0x0) || (SIZEOF (.vector_33) <= (_vector_spacing << 0x5))), function at exception vector 33 too large)

.vector_34      0x9fc01640        0x8
 *(.vector_34)
 .vector_34     0x9fc01640        0x8 c:/program files (x86)/microchip/xc32/v1.34/bin/bin/../../lib/gcc/pic32mx/4.5.2/../../../../pic32mx/lib\libpic32.a(vector34.o)
                0x9fc01640                __vector_dispatch_34
                0x00000001                ASSERT (((_vector_spacing == 0x0) || (SIZEOF (.vector_34) <= (_vector_spacing << 0x5))), function at exception vector 34 too large)

.vector_35      0x9fc01660        0x8
 *(.vector_35)
 .vector_35     0x9fc01660        0x8 c:/program files (x86)/microchip/xc32/v1.34/bin/bin/../../lib/gcc/pic32mx/4.5.2/../../../../pic32mx/lib\libpic32.a(vector35.o)
                0x9fc01660                __vector_dispatch_35
                0x00000001                ASSERT (((_vector_spacing == 0x0) || (SIZEOF (.vector_35) <= (_vector_spacing << 0x5))), function at exception vector 35 too large)

.vector_36      0x9fc01680        0x8
 *(.vector_36)
 .vector_36     0x9fc01680        0x8 c:/program files (x86)/microchip/xc32/v1.34/bin/bin/../../lib/gcc/pic32mx/4.5.2/../../../../pic32mx/lib\libpic32.a(vector36.o)
                0x9fc01680                __vector_dispatch_36
                0x00000001                ASSERT (((_vector_spacing == 0x0) || (SIZEOF (.vector_36) <= (_vector_spacing << 0x5))), function at exception vector 36 too large)

.vector_37      0x9fc016a0        0x8
 *(.vector_37)
 .vector_37     0x9fc016a0        0x8 c:/program files (x86)/microchip/xc32/v1.34/bin/bin/../../lib/gcc/pic32mx/4.5.2/../../../../pic32mx/lib\libpic32.a(vector37.o)
                0x9fc016a0                __vector_dispatch_37
                0x00000001                ASSERT (((_vector_spacing == 0x0) || (SIZEOF (.vector_37) <= (_vector_spacing << 0x5))), function at exception vector 37 too large)

.vector_38      0x9fc016c0        0x8
 *(.vector_38)
 .vector_38     0x9fc016c0        0x8 c:/program files (x86)/microchip/xc32/v1.34/bin/bin/../../lib/gcc/pic32mx/4.5.2/../../../../pic32mx/lib\libpic32.a(vector38.o)
                0x9fc016c0                __vector_dispatch_38
                0x00000001                ASSERT (((_vector_spacing == 0x0) || (SIZEOF (.vector_38) <= (_vector_spacing << 0x5))), function at exception vector 38 too large)

.vector_39      0x9fc016e0        0x8
 *(.vector_39)
 .vector_39     0x9fc016e0        0x8 c:/program files (x86)/microchip/xc32/v1.34/bin/bin/../../lib/gcc/pic32mx/4.5.2/../../../../pic32mx/lib\libpic32.a(vector39.o)
                0x9fc016e0                __vector_dispatch_39
                0x00000001                ASSERT (((_vector_spacing == 0x0) || (SIZEOF (.vector_39) <= (_vector_spacing << 0x5))), function at exception vector 39 too large)

.vector_40      0x9fc01700        0x8
 *(.vector_40)
 .vector_40     0x9fc01700        0x8 c:/program files (x86)/microchip/xc32/v1.34/bin/bin/../../lib/gcc/pic32mx/4.5.2/../../../../pic32mx/lib\libpic32.a(vector40.o)
                0x9fc01700                __vector_dispatch_40
                0x00000001                ASSERT (((_vector_spacing == 0x0) || (SIZEOF (.vector_40) <= (_vector_spacing << 0x5))), function at exception vector 40 too large)

.vector_41      0x9fc01720        0x8
 *(.vector_41)
 .vector_41     0x9fc01720        0x8 c:/program files (x86)/microchip/xc32/v1.34/bin/bin/../../lib/gcc/pic32mx/4.5.2/../../../../pic32mx/lib\libpic32.a(vector41.o)
                0x9fc01720                __vector_dispatch_41
                0x00000001                ASSERT (((_vector_spacing == 0x0) || (SIZEOF (.vector_41) <= (_vector_spacing << 0x5))), function at exception vector 41 too large)

.vector_42      0x9fc01740        0x8
 *(.vector_42)
 .vector_42     0x9fc01740        0x8 c:/program files (x86)/microchip/xc32/v1.34/bin/bin/../../lib/gcc/pic32mx/4.5.2/../../../../pic32mx/lib\libpic32.a(vector42.o)
                0x9fc01740                __vector_dispatch_42
                0x00000001                ASSERT (((_vector_spacing == 0x0) || (SIZEOF (.vector_42) <= (_vector_spacing << 0x5))), function at exception vector 42 too large)

.vector_43      0x9fc01760        0x8
 *(.vector_43)
 .vector_43     0x9fc01760        0x8 c:/program files (x86)/microchip/xc32/v1.34/bin/bin/../../lib/gcc/pic32mx/4.5.2/../../../../pic32mx/lib\libpic32.a(vector43.o)
                0x9fc01760                __vector_dispatch_43
                0x00000001                ASSERT (((_vector_spacing == 0x0) || (SIZEOF (.vector_43) <= (_vector_spacing << 0x5))), function at exception vector 43 too large)

.vector_44      0x9fc01780        0x8
 *(.vector_44)
 .vector_44     0x9fc01780        0x8 c:/program files (x86)/microchip/xc32/v1.34/bin/bin/../../lib/gcc/pic32mx/4.5.2/../../../../pic32mx/lib\libpic32.a(vector44.o)
                0x9fc01780                __vector_dispatch_44
                0x00000001                ASSERT (((_vector_spacing == 0x0) || (SIZEOF (.vector_44) <= (_vector_spacing << 0x5))), function at exception vector 44 too large)

.vector_45      0x9fc017a0        0x8
 *(.vector_45)
 .vector_45     0x9fc017a0        0x8 build/XC32_PIC32MX795F512L/production/main.o
                0x9fc017a0                __vector_dispatch_45
                0x00000001                ASSERT (((_vector_spacing == 0x0) || (SIZEOF (.vector_45) <= (_vector_spacing << 0x5))), function at exception vector 45 too large)

.vector_46      0x9fc017c0        0x8
 *(.vector_46)
 .vector_46     0x9fc017c0        0x8 c:/program files (x86)/microchip/xc32/v1.34/bin/bin/../../lib/gcc/pic32mx/4.5.2/../../../../pic32mx/lib\libpic32.a(vector46.o)
                0x9fc017c0                __vector_dispatch_46
                0x00000001                ASSERT (((_vector_spacing == 0x0) || (SIZEOF (.vector_46) <= (_vector_spacing << 0x5))), function at exception vector 46 too large)

.vector_47      0x9fc017e0        0x8
 *(.vector_47)
 .vector_47     0x9fc017e0        0x8 c:/program files (x86)/microchip/xc32/v1.34/bin/bin/../../lib/gcc/pic32mx/4.5.2/../../../../pic32mx/lib\libpic32.a(vector47.o)
                0x9fc017e0                __vector_dispatch_47
                0x00000001                ASSERT (((_vector_spacing == 0x0) || (SIZEOF (.vector_47) <= (_vector_spacing << 0x5))), function at exception vector 47 too large)

.vector_48      0x9fc01800        0x8
 *(.vector_48)
 .vector_48     0x9fc01800        0x8 c:/program files (x86)/microchip/xc32/v1.34/bin/bin/../../lib/gcc/pic32mx/4.5.2/../../../../pic32mx/lib\libpic32.a(vector48.o)
                0x9fc01800                __vector_dispatch_48
                0x00000001                ASSERT (((_vector_spacing == 0x0) || (SIZEOF (.vector_48) <= (_vector_spacing << 0x5))), function at exception vector 48 too large)

.vector_49      0x9fc01820        0x8
 *(.vector_49)
 .vector_49     0x9fc01820        0x8 c:/program files (x86)/microchip/xc32/v1.34/bin/bin/../../lib/gcc/pic32mx/4.5.2/../../../../pic32mx/lib\libpic32.a(vector49.o)
                0x9fc01820                __vector_dispatch_49
                0x00000001                ASSERT (((_vector_spacing == 0x0) || (SIZEOF (.vector_49) <= (_vector_spacing << 0x5))), function at exception vector 49 too large)

.vector_50      0x9fc01840        0x8
 *(.vector_50)
 .vector_50     0x9fc01840        0x8 build/XC32_PIC32MX795F512L/production/debug.o
                0x9fc01840                __vector_dispatch_50
                0x00000001                ASSERT (((_vector_spacing == 0x0) || (SIZEOF (.vector_50) <= (_vector_spacing << 0x5))), function at exception vector 50 too large)

.vector_51      0x9fc01860        0x8
 *(.vector_51)
 .vector_51     0x9fc01860        0x8 c:/program files (x86)/microchip/xc32/v1.34/bin/bin/../../lib/gcc/pic32mx/4.5.2/../../../../pic32mx/lib\libpic32.a(vector51.o)
                0x9fc01860                __vector_dispatch_51
                0x00000001                ASSERT (((_vector_spacing == 0x0) || (SIZEOF (.vector_51) <= (_vector_spacing << 0x5))), function at exception vector 51 too large)

.vector_52      0x9fc01880        0x0
 *(.vector_52)
                0x00000001                ASSERT (((_vector_spacing == 0x0) || (SIZEOF (.vector_52) <= (_vector_spacing << 0x5))), function at exception vector 52 too large)

.vector_53      0x9fc018a0        0x0
 *(.vector_53)
                0x00000001                ASSERT (((_vector_spacing == 0x0) || (SIZEOF (.vector_53) <= (_vector_spacing << 0x5))), function at exception vector 53 too large)

.vector_54      0x9fc018c0        0x0
 *(.vector_54)
                0x00000001                ASSERT (((_vector_spacing == 0x0) || (SIZEOF (.vector_54) <= (_vector_spacing << 0x5))), function at exception vector 54 too large)

.vector_55      0x9fc018e0        0x0
 *(.vector_55)
                0x00000001                ASSERT (((_vector_spacing == 0x0) || (SIZEOF (.vector_55) <= (_vector_spacing << 0x5))), function at exception vector 55 too large)

.vector_56      0x9fc01900        0x0
 *(.vector_56)
                0x00000001                ASSERT (((_vector_spacing == 0x0) || (SIZEOF (.vector_56) <= (_vector_spacing << 0x5))), function at exception vector 56 too large)

.vector_57      0x9fc01920        0x0
 *(.vector_57)
                0x00000001                ASSERT (((_vector_spacing == 0x0) || (SIZEOF (.vector_57) <= (_vector_spacing << 0x5))), function at exception vector 57 too large)

.vector_58      0x9fc01940        0x0
 *(.vector_58)
                0x00000001                ASSERT (((_vector_spacing == 0x0) || (SIZEOF (.vector_58) <= (_vector_spacing << 0x5))), function at exception vector 58 too large)

.vector_59      0x9fc01960        0x0
 *(.vector_59)
                0x00000001                ASSERT (((_vector_spacing == 0x0) || (SIZEOF (.vector_59) <= (_vector_spacing << 0x5))), function at exception vector 59 too large)

.vector_60      0x9fc01980        0x0
 *(.vector_60)
                0x00000001                ASSERT (((_vector_spacing == 0x0) || (SIZEOF (.vector_60) <= (_vector_spacing << 0x5))), function at exception vector 60 too large)

.vector_61      0x9fc019a0        0x0
 *(.vector_61)
                0x00000001                ASSERT (((_vector_spacing == 0x0) || (SIZEOF (.vector_61) <= (_vector_spacing << 0x5))), function at exception vector 61 too large)

.vector_62      0x9fc019c0        0x0
 *(.vector_62)
                0x00000001                ASSERT (((_vector_spacing == 0x0) || (SIZEOF (.vector_62) <= (_vector_spacing << 0x5))), function at exception vector 62 too large)

.vector_63      0x9fc019e0        0x0
 *(.vector_63)
                0x00000001                ASSERT (((_vector_spacing == 0x0) || (SIZEOF (.vector_63) <= (_vector_spacing << 0x5))), function at exception vector 63 too large)

.startup
 *(.startup)

.text           0x9d000000        0x0
 *(.stub .gnu.linkonce.t.*)
 *(.text.*personality*)
 *(.mips16.fn.*)
 *(.mips16.call.*)
 *(.gnu.warning)
                0x9d000000                . = ALIGN (0x4)

.init           0x9d000000        0x0
 *crti.o(.init)
 *crtbegin.o(.init)
 *(EXCLUDE_FILE(*crtn.o *crtend?.o *crtend.o) .init)
 *crtend.o(.init)
 *crtn.o(.init)
                0x9d000000                . = ALIGN (0x4)

.fini           0x9d000000        0x0
 *(.fini)
                0x9d000000                . = ALIGN (0x4)

.preinit_array  0x9d000000        0x0
                0x9d000000                PROVIDE (__preinit_array_start, .)
 *(.preinit_array)
                0x9d000000                PROVIDE (__preinit_array_end, .)
                0x9d000000                . = ALIGN (0x4)

.init_array     0x9d000000        0x0
                0x9d000000                PROVIDE (__init_array_start, .)
 *(SORT(.init_array.*))
 *(.init_array)
                0x9d000000                PROVIDE (__init_array_end, .)
                0x9d000000                . = ALIGN (0x4)

.fini_array     0x9d000000        0x0
                0x9d000000                PROVIDE (__fini_array_start, .)
 *(SORT(.fini_array.*))
 *(.fini_array)
                0x9d000000                PROVIDE (__fini_array_end, .)
                0x9d000000                . = ALIGN (0x4)

.ctors          0x9d000000        0x0
 *crtbegin.o(.ctors)
 *crtbegin?.o(.ctors)
 *(EXCLUDE_FILE(*crtend?.o *crtend.o) .ctors)
 *(SORT(.ctors.*))
 *(.ctors)
                0x9d000000                . = ALIGN (0x4)

.dtors          0x9d000000        0x0
 *crtbegin.o(.dtors)
 *crtbegin?.o(.dtors)
 *(EXCLUDE_FILE(*crtend?.o *crtend.o) .dtors)
 *(SORT(.dtors.*))
 *(.dtors)
                0x9d000000                . = ALIGN (0x4)

.rodata         0x9d000000        0x0
 *(.gnu.linkonce.r.*)
 *(.rodata1)
                0x9d000000                . = ALIGN (0x4)

.sdata2         0x9fc00490        0x0
 *(.sdata2 .sdata2.* .gnu.linkonce.s2.*)
                0x9fc00490                . = ALIGN (0x4)

.sbss2          0x9fc00490        0x0
 *(.sbss2 .sbss2.* .gnu.linkonce.sb2.*)
                0x9fc00490                . = ALIGN (0x4)

.eh_frame_hdr
 *(.eh_frame_hdr)
                0x9fc00490                . = ALIGN (0x4)

.eh_frame
 *(.eh_frame)
                0x9fc00490                . = ALIGN (0x4)

.gcc_except_table
 *(.gcc_except_table .gcc_except_table.*)
                0x9fc00490                . = ALIGN (0x4)

.dbg_data       0xa0000000        0x0
                0xa0000000                . = (. + DEFINED (_DEBUGGER)?0x200:0x0)

.jcr            0xa0000000        0x0
 *(.jcr)
                0xa0000000                . = ALIGN (0x4)

.eh_frame
 *(.eh_frame)
                0xa0000000                . = ALIGN (0x4)

.gcc_except_table
 *(.gcc_except_table .gcc_except_table.*)
                0xa0000000                . = ALIGN (0x4)

.persist        0xa0000000        0x0
                0xa0000000                _persist_begin = .
 *(.persist .persist.*)
 *(.pbss .pbss.*)
                0xa0000000                . = ALIGN (0x4)
                0xa0000000                _persist_end = .

.data           0xa0000000        0x0
 *(.gnu.linkonce.d.*)
 *(.data1)
                0xa0000000                . = ALIGN (0x4)
                0xa0000000                . = .
                0xa0007ff0                _gp = (ALIGN (0x10) + 0x7ff0)

.got            0xa0000000        0x0
 *(.got.plt)
 *(.got)
                0xa0000000                . = ALIGN (0x4)

.sdata          0xa0000000       0x10
                0xa0000000                _sdata_begin = .
 *(.sdata .sdata.* .gnu.linkonce.s.*)
 .sdata         0xa0000000        0xc build/XC32_PIC32MX795F512L/production/main.o
                0xa0000000                val_HeadStepper1_Microstep
                0xa0000001                val_HeadStepper2_Microstep
                0xa0000002                val_SolderStepper1_Microstep
                0xa0000003                val_SolderStepper2_Microstep
                0xa0000004                val_CaddyStepper_Microstep
                0xa0000008                blinkStatusValid
 .sdata         0xa000000c        0x4 build/XC32_PIC32MX795F512L/production/RS485.o
                0xa000000c                UART_TIMEOUT
                0xa0000010                . = ALIGN (0x4)
                0xa0000010                _sdata_end = .

.lit8
 *(.lit8)

.lit4
 *(.lit4)
                0xa0000010                . = ALIGN (0x4)
                0xa0000010                _data_end = .
                0xa0000010                _bss_begin = .

.sbss           0xa0000010       0xc0
                0xa0000010                _sbss_begin = .
 *(.dynsbss)
 *(.sbss .sbss.* .gnu.linkonce.sb.*)
 .sbss          0xa0000010        0xc build/XC32_PIC32MX795F512L/production/exceptions.o
 .sbss          0xa000001c        0xc build/XC32_PIC32MX795F512L/production/main.o
                0xa000001c                USBOutHandle
                0xa0000020                USBInHandle
 .sbss          0xa0000028        0x8 build/XC32_PIC32MX795F512L/production/RS485.o
                0xa0000028                UART_NEWLINE_RECEIVED
                0xa0000029                UART_CURRENT_BYTE
                0xa000002c                UART_CURRENT_POSITION
 *(.scommon)
 .scommon       0xa0000030       0x72 build/XC32_PIC32MX795F512L/production/USB/usb_device.o
                0xa0000030                BothEP0OutUOWNsSet
                0xa0000034                USBDeferStatusStagePacket
                0xa0000038                USBStatusStageEnabledFlag1
                0xa000003c                USBActiveConfiguration
                0xa0000040                USBStatusStageEnabledFlag2
                0xa0000044                shortPacketStatus
                0xa0000048                pBDTEntryOut
                0xa0000050                USTATcopy
                0xa0000054                SetupPkt
                0xa000005c                USBBusIsSuspended
                0xa0000060                ep_data_out
                0xa0000064                pBDTEntryEP0OutNext
                0xa0000068                pBDTEntryIn
                0xa0000070                controlTransferState
                0xa0000074                pBDTEntryEP0OutCurrent
                0xa0000078                pDst
                0xa000007c                endpoint_number
                0xa0000080                USBDeferINDataStagePackets
                0xa0000084                USBDeferOUTDataStagePackets
                0xa0000088                USBDeviceState
                0xa000008c                CtrlTrfData
                0xa0000094                USBStatusStageTimeoutCounter
                0xa0000098                RemoteWakeup
                0xa000009c                USBAlternateInterface
                0xa00000a0                ep_data_in
 .scommon       0xa00000a2        0x2 build/XC32_PIC32MX795F512L/production/USB/usb_function_hid.o
                0xa00000a2                idle_rate
                0xa00000a3                active_protocol
 .scommon       0xa00000a4        0x7 build/XC32_PIC32MX795F512L/production/main.o
                0xa00000a4                temperature
 *fill*         0xa00000ab        0x1 
 .scommon       0xa00000ac       0x22 build/XC32_PIC32MX795F512L/production/RS485.o
                0xa00000ac                SolderingIron2Status
                0xa00000ad                SolderingIron1Status
                0xa00000ae                SolderingIron2Activate
                0xa00000af                SolderingIron1Activate
                0xa00000b0                SolderingIron1TargetTemperature
                0xa00000b8                SolderingIron2Temperature
                0xa00000c0                SolderingIron1Temperature
                0xa00000c8                SolderingIron2TargetTemperature
                0xa00000ce                _sbss_end = .
                0xa00000d0                . = ALIGN (0x4)
 *fill*         0xa00000ce        0x2 

.bss            0xa0000200      0x108
 *(.dynbss)
 *(COMMON)
 COMMON         0xa0000200       0x5b build/XC32_PIC32MX795F512L/production/USB/usb_device.o
                0xa0000200                BDT
                0xa0000240                inPipes
                0xa0000250                outPipes
 *fill*         0xa000025b        0x1 
 COMMON         0xa000025c       0x80 build/XC32_PIC32MX795F512L/production/main.o
                0xa000025c                ToSendDataBuffer
                0xa000029c                ReceivedDataBuffer
 COMMON         0xa00002dc       0x2c build/XC32_PIC32MX795F512L/production/RS485.o
                0xa00002dc                UART_RECEIVED_STRING
                0xa0000308                . = ALIGN ((. != 0x0)?0x4:0x1)
                0xa0000308                . = ALIGN (0x4)
                0xa0000308                _end = .
                0xa0000308                _bss_end = .
                0x00020000                _bmxdudba_address = 0x20000
                0x00020000                _bmxdupba_address = 0x20000

/DISCARD/
 *(.pdr)
 *(.rel.dyn)
 *(.note.GNU-stack)
 *(.note.GNU-stack)
 *(.gnu_debuglink)
 *(.gnu.lto_*)
 *(.discard)

.gptab.sdata
 *(.gptab.data)
 *(.gptab.sdata)

.gptab.sbss
 *(.gptab.bss)
 *(.gptab.sbss)

.mdebug.abi32   0xa0000308        0x0
 *(.mdebug.abi32)
 .mdebug.abi32  0xa0000308        0x0 build/XC32_PIC32MX795F512L/production/USB/usb_device.o
 .mdebug.abi32  0xa0000308        0x0 build/XC32_PIC32MX795F512L/production/USB/usb_function_hid.o
 .mdebug.abi32  0xa0000308        0x0 build/XC32_PIC32MX795F512L/production/configuration_bits.o
 .mdebug.abi32  0xa0000308        0x0 build/XC32_PIC32MX795F512L/production/exceptions.o
 .mdebug.abi32  0xa0000308        0x0 build/XC32_PIC32MX795F512L/production/interrupts.o
 .mdebug.abi32  0xa0000308        0x0 build/XC32_PIC32MX795F512L/production/main.o
 .mdebug.abi32  0xa0000308        0x0 build/XC32_PIC32MX795F512L/production/system.o
 .mdebug.abi32  0xa0000308        0x0 build/XC32_PIC32MX795F512L/production/user.o
 .mdebug.abi32  0xa0000308        0x0 build/XC32_PIC32MX795F512L/production/usb_descriptors.o
 .mdebug.abi32  0xa0000308        0x0 build/XC32_PIC32MX795F512L/production/RS485.o
 .mdebug.abi32  0xa0000308        0x0 build/XC32_PIC32MX795F512L/production/bluetooth.o
 .mdebug.abi32  0xa0000308        0x0 build/XC32_PIC32MX795F512L/production/i2c.o
 .mdebug.abi32  0xa0000308        0x0 build/XC32_PIC32MX795F512L/production/debug.o
 .mdebug.abi32  0xa0000308        0x0 build/XC32_PIC32MX795F512L/production/steppercontrol.o
 .mdebug.abi32  0xa0000308        0x0 c:/program files (x86)/microchip/xc32/v1.34/bin/bin/../../lib/gcc/pic32mx/4.5.2/../../../../pic32mx/lib\libmchp_peripheral.a(read_core_timer_lib.o)
 .mdebug.abi32  0xa0000308        0x0 c:/program files (x86)/microchip/xc32/v1.34/bin/bin/../../lib/gcc/pic32mx/4.5.2/../../../../pic32mx/lib\libmchp_peripheral_32MX795F512L.a(pcache.o)
 .mdebug.abi32  0xa0000308        0x0 c:/program files (x86)/microchip/xc32/v1.34/bin/bin/../../lib/gcc/pic32mx/4.5.2/../../../../pic32mx/lib\libmchp_peripheral_32MX795F512L.a(int_configure_system_lib.o)
 .mdebug.abi32  0xa0000308        0x0 c:/program files (x86)/microchip/xc32/v1.34/bin/bin/../../lib/gcc/pic32mx/4.5.2/../../../../pic32mx/lib\libmchp_peripheral_32MX795F512L.a(int_enable_interrupts_lib.o)
 .mdebug.abi32  0xa0000308        0x0 c:/program files (x86)/microchip/xc32/v1.34/bin/bin/../../lib/gcc/pic32mx/4.5.2/../../../../pic32mx/lib\libmchp_peripheral_32MX795F512L.a(int_disable_interrupts_lib.o)
 .mdebug.abi32  0xa0000308        0x0 c:/program files (x86)/microchip/xc32/v1.34/bin/bin/../../lib/gcc/pic32mx/4.5.2/../../../../pic32mx/lib\libmchp_peripheral_32MX795F512L.a(int_restore_interrupts_lib.o)
 .mdebug.abi32  0xa0000308        0x0 c:/program files (x86)/microchip/xc32/v1.34/bin/bin/../../lib/gcc/pic32mx/4.5.2/../../../../pic32mx/lib\libmchp_peripheral_32MX795F512L.a(int_enable_mv_int_lib.o)
 .mdebug.abi32  0xa0000308        0x0 c:/program files (x86)/microchip/xc32/v1.34/bin/bin/../../lib/gcc/pic32mx/4.5.2/../../../../pic32mx/lib\libmchp_peripheral_32MX795F512L.a(int_tbl_lib.o)
 .mdebug.abi32  0xa0000308        0x0 c:/program files (x86)/microchip/xc32/v1.34/bin/bin/../../lib/gcc/pic32mx/4.5.2/../../../../pic32mx/lib\libmchp_peripheral_32MX795F512L.a(uart_lib.o)
 .mdebug.abi32  0xa0000308        0x0 c:/program files (x86)/microchip/xc32/v1.34/bin/bin/../../lib/gcc/pic32mx/4.5.2/../../../../pic32mx/lib\libmchp_peripheral_32MX795F512L.a(idle_i2c2_lib_legacy.o)
 .mdebug.abi32  0xa0000308        0x0 c:/program files (x86)/microchip/xc32/v1.34/bin/bin/../../lib/gcc/pic32mx/4.5.2/../../../../pic32mx/lib\libmchp_peripheral_32MX795F512L.a(master_gets_i2c2_lib_legacy.o)
 .mdebug.abi32  0xa0000308        0x0 c:/program files (x86)/microchip/xc32/v1.34/bin/bin/../../lib/gcc/pic32mx/4.5.2/../../../../pic32mx/lib\libmchp_peripheral_32MX795F512L.a(master_write_i2c2_lib_legacy.o)
 .mdebug.abi32  0xa0000308        0x0 c:/program files (x86)/microchip/xc32/v1.34/bin/bin/../../lib/gcc/pic32mx/4.5.2/../../../../pic32mx/lib\libpic32.a(default-bootstrap-exception-handler.o)
 .mdebug.abi32  0xa0000308        0x0 c:/program files (x86)/microchip/xc32/v1.34/bin/bin/../../lib/gcc/pic32mx/4.5.2/../../../../pic32mx/lib\libpic32.a(default-on-reset.o)
 .mdebug.abi32  0xa0000308        0x0 c:/program files (x86)/microchip/xc32/v1.34/bin/bin/../../lib/gcc/pic32mx/4.5.2/../../../../pic32mx/lib\libpic32.a(default-on-bootstrap.o)
 .mdebug.abi32  0xa0000308        0x0 c:/program files (x86)/microchip/xc32/v1.34/bin/bin/../../lib/gcc/pic32mx/4.5.2/../../../../pic32mx/lib\libpic32.a(defaultinterrupt.o)

.mdebug.abiN32
 *(.mdebug.abiN32)

.mdebug.abi64
 *(.mdebug.abi64)

.mdebug.abiO64
 *(.mdebug.abiO64)

.mdebug.eabi32
 *(.mdebug.eabi32)

.mdebug.eabi64
 *(.mdebug.eabi64)

.gcc_compiled_long32
 *(.gcc_compiled_long32)

.gcc_compiled_long64
 *(.gcc_compiled_long64)

.stab
 *(.stab)

.stabstr
 *(.stabstr)

.stab.excl
 *(.stab.excl)

.stab.exclstr
 *(.stab.exclstr)

.stab.index
 *(.stab.index)

.stab.indexstr
 *(.stab.indexstr)

.comment        0x00000000       0x90
 *(.comment)
 .comment       0x00000000       0x3c build/XC32_PIC32MX795F512L/production/USB/usb_device.o
                                 0x3d (size before relaxing)
 .comment       0x00000000       0x3d build/XC32_PIC32MX795F512L/production/USB/usb_function_hid.o
 .comment       0x00000000       0x3d build/XC32_PIC32MX795F512L/production/configuration_bits.o
 .comment       0x00000000       0x3d build/XC32_PIC32MX795F512L/production/exceptions.o
 .comment       0x00000000       0x3d build/XC32_PIC32MX795F512L/production/interrupts.o
 .comment       0x00000000       0x3d build/XC32_PIC32MX795F512L/production/main.o
 .comment       0x00000000       0x3d build/XC32_PIC32MX795F512L/production/system.o
 .comment       0x00000000       0x3d build/XC32_PIC32MX795F512L/production/user.o
 .comment       0x00000000       0x3d build/XC32_PIC32MX795F512L/production/usb_descriptors.o
 .comment       0x00000000       0x3d build/XC32_PIC32MX795F512L/production/RS485.o
 .comment       0x00000000       0x3d build/XC32_PIC32MX795F512L/production/bluetooth.o
 .comment       0x00000000       0x3d build/XC32_PIC32MX795F512L/production/i2c.o
 .comment       0x00000000       0x3d build/XC32_PIC32MX795F512L/production/debug.o
 .comment       0x00000000       0x3d build/XC32_PIC32MX795F512L/production/steppercontrol.o
 .comment       0x0000003c       0x3c c:/program files (x86)/microchip/xc32/v1.34/bin/bin/../../lib/gcc/pic32mx/4.5.2/../../../../pic32mx/lib\libmchp_peripheral.a(read_core_timer_lib.o)
                                 0x3d (size before relaxing)
 .comment       0x00000000       0x3d c:/program files (x86)/microchip/xc32/v1.34/bin/bin/../../lib/gcc/pic32mx/4.5.2/../../../../pic32mx/lib\libmchp_peripheral_32MX795F512L.a(pcache.o)
 .comment       0x00000000       0x3d c:/program files (x86)/microchip/xc32/v1.34/bin/bin/../../lib/gcc/pic32mx/4.5.2/../../../../pic32mx/lib\libmchp_peripheral_32MX795F512L.a(int_configure_system_lib.o)
 .comment       0x00000000       0x3d c:/program files (x86)/microchip/xc32/v1.34/bin/bin/../../lib/gcc/pic32mx/4.5.2/../../../../pic32mx/lib\libmchp_peripheral_32MX795F512L.a(int_enable_interrupts_lib.o)
 .comment       0x00000000       0x3d c:/program files (x86)/microchip/xc32/v1.34/bin/bin/../../lib/gcc/pic32mx/4.5.2/../../../../pic32mx/lib\libmchp_peripheral_32MX795F512L.a(int_disable_interrupts_lib.o)
 .comment       0x00000000       0x3d c:/program files (x86)/microchip/xc32/v1.34/bin/bin/../../lib/gcc/pic32mx/4.5.2/../../../../pic32mx/lib\libmchp_peripheral_32MX795F512L.a(int_restore_interrupts_lib.o)
 .comment       0x00000000       0x3d c:/program files (x86)/microchip/xc32/v1.34/bin/bin/../../lib/gcc/pic32mx/4.5.2/../../../../pic32mx/lib\libmchp_peripheral_32MX795F512L.a(int_enable_mv_int_lib.o)
 .comment       0x00000000       0x3d c:/program files (x86)/microchip/xc32/v1.34/bin/bin/../../lib/gcc/pic32mx/4.5.2/../../../../pic32mx/lib\libmchp_peripheral_32MX795F512L.a(int_tbl_lib.o)
 .comment       0x00000000       0x3d c:/program files (x86)/microchip/xc32/v1.34/bin/bin/../../lib/gcc/pic32mx/4.5.2/../../../../pic32mx/lib\libmchp_peripheral_32MX795F512L.a(uart_lib.o)
 .comment       0x00000000       0x3d c:/program files (x86)/microchip/xc32/v1.34/bin/bin/../../lib/gcc/pic32mx/4.5.2/../../../../pic32mx/lib\libmchp_peripheral_32MX795F512L.a(idle_i2c2_lib_legacy.o)
 .comment       0x00000000       0x3d c:/program files (x86)/microchip/xc32/v1.34/bin/bin/../../lib/gcc/pic32mx/4.5.2/../../../../pic32mx/lib\libmchp_peripheral_32MX795F512L.a(master_gets_i2c2_lib_legacy.o)
 .comment       0x00000000       0x3d c:/program files (x86)/microchip/xc32/v1.34/bin/bin/../../lib/gcc/pic32mx/4.5.2/../../../../pic32mx/lib\libmchp_peripheral_32MX795F512L.a(master_write_i2c2_lib_legacy.o)
 .comment       0x00000078       0x18 c:/program files (x86)/microchip/xc32/v1.34/bin/bin/../../lib/gcc/pic32mx/4.5.2/../../../../pic32mx/lib\libpic32.a(memset.o)
                                 0x19 (size before relaxing)
 .comment       0x00000000       0x3d c:/program files (x86)/microchip/xc32/v1.34/bin/bin/../../lib/gcc/pic32mx/4.5.2/../../../../pic32mx/lib\libpic32.a(default-bootstrap-exception-handler.o)
 .comment       0x00000000       0x3d c:/program files (x86)/microchip/xc32/v1.34/bin/bin/../../lib/gcc/pic32mx/4.5.2/../../../../pic32mx/lib\libpic32.a(default-on-reset.o)
 .comment       0x00000000       0x3d c:/program files (x86)/microchip/xc32/v1.34/bin/bin/../../lib/gcc/pic32mx/4.5.2/../../../../pic32mx/lib\libpic32.a(default-on-bootstrap.o)
 .comment       0x00000000       0x3d c:/program files (x86)/microchip/xc32/v1.34/bin/bin/../../lib/gcc/pic32mx/4.5.2/../../../../pic32mx/lib\libpic32.a(defaultinterrupt.o)

.debug
 *(.debug)

.line
 *(.line)

.debug_srcinfo
 *(.debug_srcinfo)

.debug_sfnames
 *(.debug_sfnames)

.debug_aranges  0x00000000      0x3c0
 *(.debug_aranges)
 .debug_aranges
                0x00000000       0x20 build/XC32_PIC32MX795F512L/production/USB/usb_device.o
 .debug_aranges
                0x00000020       0x20 build/XC32_PIC32MX795F512L/production/USB/usb_function_hid.o
 .debug_aranges
                0x00000040       0x20 build/XC32_PIC32MX795F512L/production/exceptions.o
 .debug_aranges
                0x00000060       0x20 build/XC32_PIC32MX795F512L/production/main.o
 .debug_aranges
                0x00000080       0x20 build/XC32_PIC32MX795F512L/production/system.o
 .debug_aranges
                0x000000a0       0x20 build/XC32_PIC32MX795F512L/production/user.o
 .debug_aranges
                0x000000c0       0x20 build/XC32_PIC32MX795F512L/production/RS485.o
 .debug_aranges
                0x000000e0       0x20 build/XC32_PIC32MX795F512L/production/i2c.o
 .debug_aranges
                0x00000100       0x20 build/XC32_PIC32MX795F512L/production/debug.o
 .debug_aranges
                0x00000120       0x20 build/XC32_PIC32MX795F512L/production/steppercontrol.o
 .debug_aranges
                0x00000140       0x20 c:/program files (x86)/microchip/xc32/v1.34/bin/bin/../../lib/gcc/pic32mx/4.5.2/../../../../pic32mx/lib\libmchp_peripheral.a(read_core_timer_lib.o)
 .debug_aranges
                0x00000160       0x28 c:/program files (x86)/microchip/xc32/v1.34/bin/bin/../../lib/gcc/pic32mx/4.5.2/../../../../pic32mx/lib\libmchp_peripheral_32MX795F512L.a(pcache.o)
 .debug_aranges
                0x00000188       0x20 c:/program files (x86)/microchip/xc32/v1.34/bin/bin/../../lib/gcc/pic32mx/4.5.2/../../../../pic32mx/lib\libmchp_peripheral_32MX795F512L.a(int_configure_system_lib.o)
 .debug_aranges
                0x000001a8       0x20 c:/program files (x86)/microchip/xc32/v1.34/bin/bin/../../lib/gcc/pic32mx/4.5.2/../../../../pic32mx/lib\libmchp_peripheral_32MX795F512L.a(int_enable_interrupts_lib.o)
 .debug_aranges
                0x000001c8       0x20 c:/program files (x86)/microchip/xc32/v1.34/bin/bin/../../lib/gcc/pic32mx/4.5.2/../../../../pic32mx/lib\libmchp_peripheral_32MX795F512L.a(int_disable_interrupts_lib.o)
 .debug_aranges
                0x000001e8       0x20 c:/program files (x86)/microchip/xc32/v1.34/bin/bin/../../lib/gcc/pic32mx/4.5.2/../../../../pic32mx/lib\libmchp_peripheral_32MX795F512L.a(int_restore_interrupts_lib.o)
 .debug_aranges
                0x00000208       0x20 c:/program files (x86)/microchip/xc32/v1.34/bin/bin/../../lib/gcc/pic32mx/4.5.2/../../../../pic32mx/lib\libmchp_peripheral_32MX795F512L.a(int_enable_mv_int_lib.o)
 .debug_aranges
                0x00000228       0x60 c:/program files (x86)/microchip/xc32/v1.34/bin/bin/../../lib/gcc/pic32mx/4.5.2/../../../../pic32mx/lib\libmchp_peripheral_32MX795F512L.a(int_tbl_lib.o)
 .debug_aranges
                0x00000288       0x58 c:/program files (x86)/microchip/xc32/v1.34/bin/bin/../../lib/gcc/pic32mx/4.5.2/../../../../pic32mx/lib\libmchp_peripheral_32MX795F512L.a(uart_lib.o)
 .debug_aranges
                0x000002e0       0x20 c:/program files (x86)/microchip/xc32/v1.34/bin/bin/../../lib/gcc/pic32mx/4.5.2/../../../../pic32mx/lib\libmchp_peripheral_32MX795F512L.a(idle_i2c2_lib_legacy.o)
 .debug_aranges
                0x00000300       0x20 c:/program files (x86)/microchip/xc32/v1.34/bin/bin/../../lib/gcc/pic32mx/4.5.2/../../../../pic32mx/lib\libmchp_peripheral_32MX795F512L.a(master_gets_i2c2_lib_legacy.o)
 .debug_aranges
                0x00000320       0x20 c:/program files (x86)/microchip/xc32/v1.34/bin/bin/../../lib/gcc/pic32mx/4.5.2/../../../../pic32mx/lib\libmchp_peripheral_32MX795F512L.a(master_write_i2c2_lib_legacy.o)
 .debug_aranges
                0x00000340       0x20 c:/program files (x86)/microchip/xc32/v1.34/bin/bin/../../lib/gcc/pic32mx/4.5.2/../../../../pic32mx/lib\libpic32.a(default-bootstrap-exception-handler.o)
 .debug_aranges
                0x00000360       0x20 c:/program files (x86)/microchip/xc32/v1.34/bin/bin/../../lib/gcc/pic32mx/4.5.2/../../../../pic32mx/lib\libpic32.a(default-on-reset.o)
 .debug_aranges
                0x00000380       0x20 c:/program files (x86)/microchip/xc32/v1.34/bin/bin/../../lib/gcc/pic32mx/4.5.2/../../../../pic32mx/lib\libpic32.a(default-on-bootstrap.o)
 .debug_aranges
                0x000003a0       0x20 c:/program files (x86)/microchip/xc32/v1.34/bin/bin/../../lib/gcc/pic32mx/4.5.2/../../../../pic32mx/lib\libpic32.a(defaultinterrupt.o)

.debug_pubnames
                0x00000000     0x1018
 *(.debug_pubnames)
 .debug_pubnames
                0x00000000      0x33a build/XC32_PIC32MX795F512L/production/USB/usb_device.o
 .debug_pubnames
                0x0000033a       0x4b build/XC32_PIC32MX795F512L/production/USB/usb_function_hid.o
 .debug_pubnames
                0x00000385       0x31 build/XC32_PIC32MX795F512L/production/exceptions.o
 .debug_pubnames
                0x000003b6      0x234 build/XC32_PIC32MX795F512L/production/main.o
 .debug_pubnames
                0x000005ea       0x2a build/XC32_PIC32MX795F512L/production/system.o
 .debug_pubnames
                0x00000614       0x1e build/XC32_PIC32MX795F512L/production/user.o
 .debug_pubnames
                0x00000632       0x8b build/XC32_PIC32MX795F512L/production/usb_descriptors.o
 .debug_pubnames
                0x000006bd      0x255 build/XC32_PIC32MX795F512L/production/RS485.o
 .debug_pubnames
                0x00000912       0x76 build/XC32_PIC32MX795F512L/production/i2c.o
 .debug_pubnames
                0x00000988       0x54 build/XC32_PIC32MX795F512L/production/debug.o
 .debug_pubnames
                0x000009dc      0x27a build/XC32_PIC32MX795F512L/production/steppercontrol.o
 .debug_pubnames
                0x00000c56       0x24 c:/program files (x86)/microchip/xc32/v1.34/bin/bin/../../lib/gcc/pic32mx/4.5.2/../../../../pic32mx/lib\libmchp_peripheral.a(read_core_timer_lib.o)
 .debug_pubnames
                0x00000c7a       0x3b c:/program files (x86)/microchip/xc32/v1.34/bin/bin/../../lib/gcc/pic32mx/4.5.2/../../../../pic32mx/lib\libmchp_peripheral_32MX795F512L.a(pcache.o)
 .debug_pubnames
                0x00000cb5       0x29 c:/program files (x86)/microchip/xc32/v1.34/bin/bin/../../lib/gcc/pic32mx/4.5.2/../../../../pic32mx/lib\libmchp_peripheral_32MX795F512L.a(int_configure_system_lib.o)
 .debug_pubnames
                0x00000cde       0x2a c:/program files (x86)/microchip/xc32/v1.34/bin/bin/../../lib/gcc/pic32mx/4.5.2/../../../../pic32mx/lib\libmchp_peripheral_32MX795F512L.a(int_enable_interrupts_lib.o)
 .debug_pubnames
                0x00000d08       0x2b c:/program files (x86)/microchip/xc32/v1.34/bin/bin/../../lib/gcc/pic32mx/4.5.2/../../../../pic32mx/lib\libmchp_peripheral_32MX795F512L.a(int_disable_interrupts_lib.o)
 .debug_pubnames
                0x00000d33       0x2b c:/program files (x86)/microchip/xc32/v1.34/bin/bin/../../lib/gcc/pic32mx/4.5.2/../../../../pic32mx/lib\libmchp_peripheral_32MX795F512L.a(int_restore_interrupts_lib.o)
 .debug_pubnames
                0x00000d5e       0x36 c:/program files (x86)/microchip/xc32/v1.34/bin/bin/../../lib/gcc/pic32mx/4.5.2/../../../../pic32mx/lib\libmchp_peripheral_32MX795F512L.a(int_enable_mv_int_lib.o)
 .debug_pubnames
                0x00000d94       0xca c:/program files (x86)/microchip/xc32/v1.34/bin/bin/../../lib/gcc/pic32mx/4.5.2/../../../../pic32mx/lib\libmchp_peripheral_32MX795F512L.a(int_tbl_lib.o)
 .debug_pubnames
                0x00000e5e       0xb1 c:/program files (x86)/microchip/xc32/v1.34/bin/bin/../../lib/gcc/pic32mx/4.5.2/../../../../pic32mx/lib\libmchp_peripheral_32MX795F512L.a(uart_lib.o)
 .debug_pubnames
                0x00000f0f       0x1f c:/program files (x86)/microchip/xc32/v1.34/bin/bin/../../lib/gcc/pic32mx/4.5.2/../../../../pic32mx/lib\libmchp_peripheral_32MX795F512L.a(idle_i2c2_lib_legacy.o)
 .debug_pubnames
                0x00000f2e       0x25 c:/program files (x86)/microchip/xc32/v1.34/bin/bin/../../lib/gcc/pic32mx/4.5.2/../../../../pic32mx/lib\libmchp_peripheral_32MX795F512L.a(master_gets_i2c2_lib_legacy.o)
 .debug_pubnames
                0x00000f53       0x26 c:/program files (x86)/microchip/xc32/v1.34/bin/bin/../../lib/gcc/pic32mx/4.5.2/../../../../pic32mx/lib\libmchp_peripheral_32MX795F512L.a(master_write_i2c2_lib_legacy.o)
 .debug_pubnames
                0x00000f79       0x33 c:/program files (x86)/microchip/xc32/v1.34/bin/bin/../../lib/gcc/pic32mx/4.5.2/../../../../pic32mx/lib\libpic32.a(default-bootstrap-exception-handler.o)
 .debug_pubnames
                0x00000fac       0x20 c:/program files (x86)/microchip/xc32/v1.34/bin/bin/../../lib/gcc/pic32mx/4.5.2/../../../../pic32mx/lib\libpic32.a(default-on-reset.o)
 .debug_pubnames
                0x00000fcc       0x24 c:/program files (x86)/microchip/xc32/v1.34/bin/bin/../../lib/gcc/pic32mx/4.5.2/../../../../pic32mx/lib\libpic32.a(default-on-bootstrap.o)
 .debug_pubnames
                0x00000ff0       0x28 c:/program files (x86)/microchip/xc32/v1.34/bin/bin/../../lib/gcc/pic32mx/4.5.2/../../../../pic32mx/lib\libpic32.a(defaultinterrupt.o)

.debug_info     0x00000000    0x164e5
 *(.debug_info .gnu.linkonce.wi.*)
 .debug_info    0x00000000     0x3c14 build/XC32_PIC32MX795F512L/production/USB/usb_device.o
 .debug_info    0x00003c14     0x1cb0 build/XC32_PIC32MX795F512L/production/USB/usb_function_hid.o
 .debug_info    0x000058c4     0x1145 build/XC32_PIC32MX795F512L/production/configuration_bits.o
 .debug_info    0x00006a09     0x1279 build/XC32_PIC32MX795F512L/production/exceptions.o
 .debug_info    0x00007c82     0x113d build/XC32_PIC32MX795F512L/production/interrupts.o
 .debug_info    0x00008dbf     0x22d2 build/XC32_PIC32MX795F512L/production/main.o
 .debug_info    0x0000b091     0x11d1 build/XC32_PIC32MX795F512L/production/system.o
 .debug_info    0x0000c262     0x130a build/XC32_PIC32MX795F512L/production/user.o
 .debug_info    0x0000d56c     0x187c build/XC32_PIC32MX795F512L/production/usb_descriptors.o
 .debug_info    0x0000ede8     0x276e build/XC32_PIC32MX795F512L/production/RS485.o
 .debug_info    0x00011556        0x0 build/XC32_PIC32MX795F512L/production/bluetooth.o
 .debug_info    0x00011556     0x13d5 build/XC32_PIC32MX795F512L/production/i2c.o
 .debug_info    0x0001292b     0x231c build/XC32_PIC32MX795F512L/production/debug.o
 .debug_info    0x00014c47      0xb5c build/XC32_PIC32MX795F512L/production/steppercontrol.o
 .debug_info    0x000157a3       0xaa c:/program files (x86)/microchip/xc32/v1.34/bin/bin/../../lib/gcc/pic32mx/4.5.2/../../../../pic32mx/lib\libmchp_peripheral.a(read_core_timer_lib.o)
 .debug_info    0x0001584d       0xbf c:/program files (x86)/microchip/xc32/v1.34/bin/bin/../../lib/gcc/pic32mx/4.5.2/../../../../pic32mx/lib\libmchp_peripheral_32MX795F512L.a(pcache.o)
 .debug_info    0x0001590c       0xb2 c:/program files (x86)/microchip/xc32/v1.34/bin/bin/../../lib/gcc/pic32mx/4.5.2/../../../../pic32mx/lib\libmchp_peripheral_32MX795F512L.a(int_configure_system_lib.o)
 .debug_info    0x000159be       0xb4 c:/program files (x86)/microchip/xc32/v1.34/bin/bin/../../lib/gcc/pic32mx/4.5.2/../../../../pic32mx/lib\libmchp_peripheral_32MX795F512L.a(int_enable_interrupts_lib.o)
 .debug_info    0x00015a72       0xb6 c:/program files (x86)/microchip/xc32/v1.34/bin/bin/../../lib/gcc/pic32mx/4.5.2/../../../../pic32mx/lib\libmchp_peripheral_32MX795F512L.a(int_disable_interrupts_lib.o)
 .debug_info    0x00015b28       0xb6 c:/program files (x86)/microchip/xc32/v1.34/bin/bin/../../lib/gcc/pic32mx/4.5.2/../../../../pic32mx/lib\libmchp_peripheral_32MX795F512L.a(int_restore_interrupts_lib.o)
 .debug_info    0x00015bde       0xbc c:/program files (x86)/microchip/xc32/v1.34/bin/bin/../../lib/gcc/pic32mx/4.5.2/../../../../pic32mx/lib\libmchp_peripheral_32MX795F512L.a(int_enable_mv_int_lib.o)
 .debug_info    0x00015c9a      0x196 c:/program files (x86)/microchip/xc32/v1.34/bin/bin/../../lib/gcc/pic32mx/4.5.2/../../../../pic32mx/lib\libmchp_peripheral_32MX795F512L.a(int_tbl_lib.o)
 .debug_info    0x00015e30      0x175 c:/program files (x86)/microchip/xc32/v1.34/bin/bin/../../lib/gcc/pic32mx/4.5.2/../../../../pic32mx/lib\libmchp_peripheral_32MX795F512L.a(uart_lib.o)
 .debug_info    0x00015fa5       0xa4 c:/program files (x86)/microchip/xc32/v1.34/bin/bin/../../lib/gcc/pic32mx/4.5.2/../../../../pic32mx/lib\libmchp_peripheral_32MX795F512L.a(idle_i2c2_lib_legacy.o)
 .debug_info    0x00016049       0xb1 c:/program files (x86)/microchip/xc32/v1.34/bin/bin/../../lib/gcc/pic32mx/4.5.2/../../../../pic32mx/lib\libmchp_peripheral_32MX795F512L.a(master_gets_i2c2_lib_legacy.o)
 .debug_info    0x000160fa       0xb3 c:/program files (x86)/microchip/xc32/v1.34/bin/bin/../../lib/gcc/pic32mx/4.5.2/../../../../pic32mx/lib\libmchp_peripheral_32MX795F512L.a(master_write_i2c2_lib_legacy.o)
 .debug_info    0x000161ad       0xe2 c:/program files (x86)/microchip/xc32/v1.34/bin/bin/../../lib/gcc/pic32mx/4.5.2/../../../../pic32mx/lib\libpic32.a(default-bootstrap-exception-handler.o)
 .debug_info    0x0001628f       0xbc c:/program files (x86)/microchip/xc32/v1.34/bin/bin/../../lib/gcc/pic32mx/4.5.2/../../../../pic32mx/lib\libpic32.a(default-on-reset.o)
 .debug_info    0x0001634b       0xc4 c:/program files (x86)/microchip/xc32/v1.34/bin/bin/../../lib/gcc/pic32mx/4.5.2/../../../../pic32mx/lib\libpic32.a(default-on-bootstrap.o)
 .debug_info    0x0001640f       0xd6 c:/program files (x86)/microchip/xc32/v1.34/bin/bin/../../lib/gcc/pic32mx/4.5.2/../../../../pic32mx/lib\libpic32.a(defaultinterrupt.o)

.debug_abbrev   0x00000000     0x1bd3
 *(.debug_abbrev)
 .debug_abbrev  0x00000000      0x2f5 build/XC32_PIC32MX795F512L/production/USB/usb_device.o
 .debug_abbrev  0x000002f5      0x1e3 build/XC32_PIC32MX795F512L/production/USB/usb_function_hid.o
 .debug_abbrev  0x000004d8      0x166 build/XC32_PIC32MX795F512L/production/configuration_bits.o
 .debug_abbrev  0x0000063e      0x1a2 build/XC32_PIC32MX795F512L/production/exceptions.o
 .debug_abbrev  0x000007e0      0x166 build/XC32_PIC32MX795F512L/production/interrupts.o
 .debug_abbrev  0x00000946      0x3ba build/XC32_PIC32MX795F512L/production/main.o
 .debug_abbrev  0x00000d00      0x19b build/XC32_PIC32MX795F512L/production/system.o
 .debug_abbrev  0x00000e9b      0x17b build/XC32_PIC32MX795F512L/production/user.o
 .debug_abbrev  0x00001016      0x1d6 build/XC32_PIC32MX795F512L/production/usb_descriptors.o
 .debug_abbrev  0x000011ec      0x26b build/XC32_PIC32MX795F512L/production/RS485.o
 .debug_abbrev  0x00001457        0x1 build/XC32_PIC32MX795F512L/production/bluetooth.o
 .debug_abbrev  0x00001458      0x1f0 build/XC32_PIC32MX795F512L/production/i2c.o
 .debug_abbrev  0x00001648      0x231 build/XC32_PIC32MX795F512L/production/debug.o
 .debug_abbrev  0x00001879       0xf7 build/XC32_PIC32MX795F512L/production/steppercontrol.o
 .debug_abbrev  0x00001970       0x25 c:/program files (x86)/microchip/xc32/v1.34/bin/bin/../../lib/gcc/pic32mx/4.5.2/../../../../pic32mx/lib\libmchp_peripheral.a(read_core_timer_lib.o)
 .debug_abbrev  0x00001995       0x25 c:/program files (x86)/microchip/xc32/v1.34/bin/bin/../../lib/gcc/pic32mx/4.5.2/../../../../pic32mx/lib\libmchp_peripheral_32MX795F512L.a(pcache.o)
 .debug_abbrev  0x000019ba       0x25 c:/program files (x86)/microchip/xc32/v1.34/bin/bin/../../lib/gcc/pic32mx/4.5.2/../../../../pic32mx/lib\libmchp_peripheral_32MX795F512L.a(int_configure_system_lib.o)
 .debug_abbrev  0x000019df       0x25 c:/program files (x86)/microchip/xc32/v1.34/bin/bin/../../lib/gcc/pic32mx/4.5.2/../../../../pic32mx/lib\libmchp_peripheral_32MX795F512L.a(int_enable_interrupts_lib.o)
 .debug_abbrev  0x00001a04       0x25 c:/program files (x86)/microchip/xc32/v1.34/bin/bin/../../lib/gcc/pic32mx/4.5.2/../../../../pic32mx/lib\libmchp_peripheral_32MX795F512L.a(int_disable_interrupts_lib.o)
 .debug_abbrev  0x00001a29       0x25 c:/program files (x86)/microchip/xc32/v1.34/bin/bin/../../lib/gcc/pic32mx/4.5.2/../../../../pic32mx/lib\libmchp_peripheral_32MX795F512L.a(int_restore_interrupts_lib.o)
 .debug_abbrev  0x00001a4e       0x25 c:/program files (x86)/microchip/xc32/v1.34/bin/bin/../../lib/gcc/pic32mx/4.5.2/../../../../pic32mx/lib\libmchp_peripheral_32MX795F512L.a(int_enable_mv_int_lib.o)
 .debug_abbrev  0x00001a73       0x25 c:/program files (x86)/microchip/xc32/v1.34/bin/bin/../../lib/gcc/pic32mx/4.5.2/../../../../pic32mx/lib\libmchp_peripheral_32MX795F512L.a(int_tbl_lib.o)
 .debug_abbrev  0x00001a98       0x38 c:/program files (x86)/microchip/xc32/v1.34/bin/bin/../../lib/gcc/pic32mx/4.5.2/../../../../pic32mx/lib\libmchp_peripheral_32MX795F512L.a(uart_lib.o)
 .debug_abbrev  0x00001ad0       0x25 c:/program files (x86)/microchip/xc32/v1.34/bin/bin/../../lib/gcc/pic32mx/4.5.2/../../../../pic32mx/lib\libmchp_peripheral_32MX795F512L.a(idle_i2c2_lib_legacy.o)
 .debug_abbrev  0x00001af5       0x25 c:/program files (x86)/microchip/xc32/v1.34/bin/bin/../../lib/gcc/pic32mx/4.5.2/../../../../pic32mx/lib\libmchp_peripheral_32MX795F512L.a(master_gets_i2c2_lib_legacy.o)
 .debug_abbrev  0x00001b1a       0x25 c:/program files (x86)/microchip/xc32/v1.34/bin/bin/../../lib/gcc/pic32mx/4.5.2/../../../../pic32mx/lib\libmchp_peripheral_32MX795F512L.a(master_write_i2c2_lib_legacy.o)
 .debug_abbrev  0x00001b3f       0x25 c:/program files (x86)/microchip/xc32/v1.34/bin/bin/../../lib/gcc/pic32mx/4.5.2/../../../../pic32mx/lib\libpic32.a(default-bootstrap-exception-handler.o)
 .debug_abbrev  0x00001b64       0x25 c:/program files (x86)/microchip/xc32/v1.34/bin/bin/../../lib/gcc/pic32mx/4.5.2/../../../../pic32mx/lib\libpic32.a(default-on-reset.o)
 .debug_abbrev  0x00001b89       0x25 c:/program files (x86)/microchip/xc32/v1.34/bin/bin/../../lib/gcc/pic32mx/4.5.2/../../../../pic32mx/lib\libpic32.a(default-on-bootstrap.o)
 .debug_abbrev  0x00001bae       0x25 c:/program files (x86)/microchip/xc32/v1.34/bin/bin/../../lib/gcc/pic32mx/4.5.2/../../../../pic32mx/lib\libpic32.a(defaultinterrupt.o)

.debug_line     0x00000000     0x2522
 *(.debug_line)
 .debug_line    0x00000000      0x613 build/XC32_PIC32MX795F512L/production/USB/usb_device.o
 .debug_line    0x00000613      0x201 build/XC32_PIC32MX795F512L/production/USB/usb_function_hid.o
 .debug_line    0x00000814      0x113 build/XC32_PIC32MX795F512L/production/configuration_bits.o
 .debug_line    0x00000927      0x16f build/XC32_PIC32MX795F512L/production/exceptions.o
 .debug_line    0x00000a96      0x113 build/XC32_PIC32MX795F512L/production/interrupts.o
 .debug_line    0x00000ba9      0x48e build/XC32_PIC32MX795F512L/production/main.o
 .debug_line    0x00001037      0x175 build/XC32_PIC32MX795F512L/production/system.o
 .debug_line    0x000011ac      0x171 build/XC32_PIC32MX795F512L/production/user.o
 .debug_line    0x0000131d      0x1c6 build/XC32_PIC32MX795F512L/production/usb_descriptors.o
 .debug_line    0x000014e3      0x298 build/XC32_PIC32MX795F512L/production/RS485.o
 .debug_line    0x0000177b        0x0 build/XC32_PIC32MX795F512L/production/bluetooth.o
 .debug_line    0x0000177b      0x1f3 build/XC32_PIC32MX795F512L/production/i2c.o
 .debug_line    0x0000196e      0x20c build/XC32_PIC32MX795F512L/production/debug.o
 .debug_line    0x00001b7a      0x24c build/XC32_PIC32MX795F512L/production/steppercontrol.o
 .debug_line    0x00001dc6       0x6e c:/program files (x86)/microchip/xc32/v1.34/bin/bin/../../lib/gcc/pic32mx/4.5.2/../../../../pic32mx/lib\libmchp_peripheral.a(read_core_timer_lib.o)
 .debug_line    0x00001e34       0x62 c:/program files (x86)/microchip/xc32/v1.34/bin/bin/../../lib/gcc/pic32mx/4.5.2/../../../../pic32mx/lib\libmchp_peripheral_32MX795F512L.a(pcache.o)
 .debug_line    0x00001e96       0x71 c:/program files (x86)/microchip/xc32/v1.34/bin/bin/../../lib/gcc/pic32mx/4.5.2/../../../../pic32mx/lib\libmchp_peripheral_32MX795F512L.a(int_configure_system_lib.o)
 .debug_line    0x00001f07       0x72 c:/program files (x86)/microchip/xc32/v1.34/bin/bin/../../lib/gcc/pic32mx/4.5.2/../../../../pic32mx/lib\libmchp_peripheral_32MX795F512L.a(int_enable_interrupts_lib.o)
 .debug_line    0x00001f79       0x73 c:/program files (x86)/microchip/xc32/v1.34/bin/bin/../../lib/gcc/pic32mx/4.5.2/../../../../pic32mx/lib\libmchp_peripheral_32MX795F512L.a(int_disable_interrupts_lib.o)
 .debug_line    0x00001fec       0x73 c:/program files (x86)/microchip/xc32/v1.34/bin/bin/../../lib/gcc/pic32mx/4.5.2/../../../../pic32mx/lib\libmchp_peripheral_32MX795F512L.a(int_restore_interrupts_lib.o)
 .debug_line    0x0000205f       0x6e c:/program files (x86)/microchip/xc32/v1.34/bin/bin/../../lib/gcc/pic32mx/4.5.2/../../../../pic32mx/lib\libmchp_peripheral_32MX795F512L.a(int_enable_mv_int_lib.o)
 .debug_line    0x000020cd       0x64 c:/program files (x86)/microchip/xc32/v1.34/bin/bin/../../lib/gcc/pic32mx/4.5.2/../../../../pic32mx/lib\libmchp_peripheral_32MX795F512L.a(int_tbl_lib.o)
 .debug_line    0x00002131       0x62 c:/program files (x86)/microchip/xc32/v1.34/bin/bin/../../lib/gcc/pic32mx/4.5.2/../../../../pic32mx/lib\libmchp_peripheral_32MX795F512L.a(uart_lib.o)
 .debug_line    0x00002193       0x6d c:/program files (x86)/microchip/xc32/v1.34/bin/bin/../../lib/gcc/pic32mx/4.5.2/../../../../pic32mx/lib\libmchp_peripheral_32MX795F512L.a(idle_i2c2_lib_legacy.o)
 .debug_line    0x00002200       0x74 c:/program files (x86)/microchip/xc32/v1.34/bin/bin/../../lib/gcc/pic32mx/4.5.2/../../../../pic32mx/lib\libmchp_peripheral_32MX795F512L.a(master_gets_i2c2_lib_legacy.o)
 .debug_line    0x00002274       0x75 c:/program files (x86)/microchip/xc32/v1.34/bin/bin/../../lib/gcc/pic32mx/4.5.2/../../../../pic32mx/lib\libmchp_peripheral_32MX795F512L.a(master_write_i2c2_lib_legacy.o)
 .debug_line    0x000022e9       0x97 c:/program files (x86)/microchip/xc32/v1.34/bin/bin/../../lib/gcc/pic32mx/4.5.2/../../../../pic32mx/lib\libpic32.a(default-bootstrap-exception-handler.o)
 .debug_line    0x00002380       0x84 c:/program files (x86)/microchip/xc32/v1.34/bin/bin/../../lib/gcc/pic32mx/4.5.2/../../../../pic32mx/lib\libpic32.a(default-on-reset.o)
 .debug_line    0x00002404       0x88 c:/program files (x86)/microchip/xc32/v1.34/bin/bin/../../lib/gcc/pic32mx/4.5.2/../../../../pic32mx/lib\libpic32.a(default-on-bootstrap.o)
 .debug_line    0x0000248c       0x96 c:/program files (x86)/microchip/xc32/v1.34/bin/bin/../../lib/gcc/pic32mx/4.5.2/../../../../pic32mx/lib\libpic32.a(defaultinterrupt.o)

.debug_frame    0x00000000      0xd98
 *(.debug_frame)
 .debug_frame   0x00000000      0x2e8 build/XC32_PIC32MX795F512L/production/USB/usb_device.o
 .debug_frame   0x000002e8       0x2c build/XC32_PIC32MX795F512L/production/USB/usb_function_hid.o
 .debug_frame   0x00000314       0x2c build/XC32_PIC32MX795F512L/production/exceptions.o
 .debug_frame   0x00000340      0x1a8 build/XC32_PIC32MX795F512L/production/main.o
 .debug_frame   0x000004e8       0x48 build/XC32_PIC32MX795F512L/production/system.o
 .debug_frame   0x00000530       0x2c build/XC32_PIC32MX795F512L/production/user.o
 .debug_frame   0x0000055c      0x19c build/XC32_PIC32MX795F512L/production/RS485.o
 .debug_frame   0x000006f8       0x9c build/XC32_PIC32MX795F512L/production/i2c.o
 .debug_frame   0x00000794       0xac build/XC32_PIC32MX795F512L/production/debug.o
 .debug_frame   0x00000840      0x240 build/XC32_PIC32MX795F512L/production/steppercontrol.o
 .debug_frame   0x00000a80       0x20 c:/program files (x86)/microchip/xc32/v1.34/bin/bin/../../lib/gcc/pic32mx/4.5.2/../../../../pic32mx/lib\libmchp_peripheral.a(read_core_timer_lib.o)
 .debug_frame   0x00000aa0       0x30 c:/program files (x86)/microchip/xc32/v1.34/bin/bin/../../lib/gcc/pic32mx/4.5.2/../../../../pic32mx/lib\libmchp_peripheral_32MX795F512L.a(pcache.o)
 .debug_frame   0x00000ad0       0x20 c:/program files (x86)/microchip/xc32/v1.34/bin/bin/../../lib/gcc/pic32mx/4.5.2/../../../../pic32mx/lib\libmchp_peripheral_32MX795F512L.a(int_configure_system_lib.o)
 .debug_frame   0x00000af0       0x20 c:/program files (x86)/microchip/xc32/v1.34/bin/bin/../../lib/gcc/pic32mx/4.5.2/../../../../pic32mx/lib\libmchp_peripheral_32MX795F512L.a(int_enable_interrupts_lib.o)
 .debug_frame   0x00000b10       0x20 c:/program files (x86)/microchip/xc32/v1.34/bin/bin/../../lib/gcc/pic32mx/4.5.2/../../../../pic32mx/lib\libmchp_peripheral_32MX795F512L.a(int_disable_interrupts_lib.o)
 .debug_frame   0x00000b30       0x20 c:/program files (x86)/microchip/xc32/v1.34/bin/bin/../../lib/gcc/pic32mx/4.5.2/../../../../pic32mx/lib\libmchp_peripheral_32MX795F512L.a(int_restore_interrupts_lib.o)
 .debug_frame   0x00000b50       0x28 c:/program files (x86)/microchip/xc32/v1.34/bin/bin/../../lib/gcc/pic32mx/4.5.2/../../../../pic32mx/lib\libmchp_peripheral_32MX795F512L.a(int_enable_mv_int_lib.o)
 .debug_frame   0x00000b78       0xa0 c:/program files (x86)/microchip/xc32/v1.34/bin/bin/../../lib/gcc/pic32mx/4.5.2/../../../../pic32mx/lib\libmchp_peripheral_32MX795F512L.a(int_tbl_lib.o)
 .debug_frame   0x00000c18       0x90 c:/program files (x86)/microchip/xc32/v1.34/bin/bin/../../lib/gcc/pic32mx/4.5.2/../../../../pic32mx/lib\libmchp_peripheral_32MX795F512L.a(uart_lib.o)
 .debug_frame   0x00000ca8       0x20 c:/program files (x86)/microchip/xc32/v1.34/bin/bin/../../lib/gcc/pic32mx/4.5.2/../../../../pic32mx/lib\libmchp_peripheral_32MX795F512L.a(idle_i2c2_lib_legacy.o)
 .debug_frame   0x00000cc8       0x20 c:/program files (x86)/microchip/xc32/v1.34/bin/bin/../../lib/gcc/pic32mx/4.5.2/../../../../pic32mx/lib\libmchp_peripheral_32MX795F512L.a(master_gets_i2c2_lib_legacy.o)
 .debug_frame   0x00000ce8       0x28 c:/program files (x86)/microchip/xc32/v1.34/bin/bin/../../lib/gcc/pic32mx/4.5.2/../../../../pic32mx/lib\libmchp_peripheral_32MX795F512L.a(master_write_i2c2_lib_legacy.o)
 .debug_frame   0x00000d10       0x28 c:/program files (x86)/microchip/xc32/v1.34/bin/bin/../../lib/gcc/pic32mx/4.5.2/../../../../pic32mx/lib\libpic32.a(default-bootstrap-exception-handler.o)
 .debug_frame   0x00000d38       0x20 c:/program files (x86)/microchip/xc32/v1.34/bin/bin/../../lib/gcc/pic32mx/4.5.2/../../../../pic32mx/lib\libpic32.a(default-on-reset.o)
 .debug_frame   0x00000d58       0x20 c:/program files (x86)/microchip/xc32/v1.34/bin/bin/../../lib/gcc/pic32mx/4.5.2/../../../../pic32mx/lib\libpic32.a(default-on-bootstrap.o)
 .debug_frame   0x00000d78       0x20 c:/program files (x86)/microchip/xc32/v1.34/bin/bin/../../lib/gcc/pic32mx/4.5.2/../../../../pic32mx/lib\libpic32.a(defaultinterrupt.o)

.debug_str      0x00000000     0x14fa
 *(.debug_str)
 .debug_str     0x00000000      0x3c3 build/XC32_PIC32MX795F512L/production/USB/usb_device.o
 .debug_str     0x000003c3      0x193 build/XC32_PIC32MX795F512L/production/USB/usb_function_hid.o
 .debug_str     0x00000556      0x12f build/XC32_PIC32MX795F512L/production/configuration_bits.o
 .debug_str     0x00000685      0x12f build/XC32_PIC32MX795F512L/production/exceptions.o
 .debug_str     0x000007b4      0x12f build/XC32_PIC32MX795F512L/production/interrupts.o
 .debug_str     0x000008e3      0x332 build/XC32_PIC32MX795F512L/production/main.o
 .debug_str     0x00000c15      0x12f build/XC32_PIC32MX795F512L/production/system.o
 .debug_str     0x00000d44      0x12f build/XC32_PIC32MX795F512L/production/user.o
 .debug_str     0x00000e73      0x159 build/XC32_PIC32MX795F512L/production/usb_descriptors.o
 .debug_str     0x00000fcc      0x254 build/XC32_PIC32MX795F512L/production/RS485.o
 .debug_str     0x00001220        0x0 build/XC32_PIC32MX795F512L/production/bluetooth.o
 .debug_str     0x00001220      0x179 build/XC32_PIC32MX795F512L/production/i2c.o
 .debug_str     0x00001399      0x12f build/XC32_PIC32MX795F512L/production/debug.o
 .debug_str     0x000014c8       0x32 build/XC32_PIC32MX795F512L/production/steppercontrol.o
 .debug_str     0x000014fa        0x0 c:/program files (x86)/microchip/xc32/v1.34/bin/bin/../../lib/gcc/pic32mx/4.5.2/../../../../pic32mx/lib\libmchp_peripheral.a(read_core_timer_lib.o)
 .debug_str     0x000014fa        0x0 c:/program files (x86)/microchip/xc32/v1.34/bin/bin/../../lib/gcc/pic32mx/4.5.2/../../../../pic32mx/lib\libmchp_peripheral_32MX795F512L.a(pcache.o)
 .debug_str     0x000014fa        0x0 c:/program files (x86)/microchip/xc32/v1.34/bin/bin/../../lib/gcc/pic32mx/4.5.2/../../../../pic32mx/lib\libmchp_peripheral_32MX795F512L.a(int_configure_system_lib.o)
 .debug_str     0x000014fa        0x0 c:/program files (x86)/microchip/xc32/v1.34/bin/bin/../../lib/gcc/pic32mx/4.5.2/../../../../pic32mx/lib\libmchp_peripheral_32MX795F512L.a(int_enable_interrupts_lib.o)
 .debug_str     0x000014fa        0x0 c:/program files (x86)/microchip/xc32/v1.34/bin/bin/../../lib/gcc/pic32mx/4.5.2/../../../../pic32mx/lib\libmchp_peripheral_32MX795F512L.a(int_disable_interrupts_lib.o)
 .debug_str     0x000014fa        0x0 c:/program files (x86)/microchip/xc32/v1.34/bin/bin/../../lib/gcc/pic32mx/4.5.2/../../../../pic32mx/lib\libmchp_peripheral_32MX795F512L.a(int_restore_interrupts_lib.o)
 .debug_str     0x000014fa        0x0 c:/program files (x86)/microchip/xc32/v1.34/bin/bin/../../lib/gcc/pic32mx/4.5.2/../../../../pic32mx/lib\libmchp_peripheral_32MX795F512L.a(int_enable_mv_int_lib.o)
 .debug_str     0x000014fa        0x0 c:/program files (x86)/microchip/xc32/v1.34/bin/bin/../../lib/gcc/pic32mx/4.5.2/../../../../pic32mx/lib\libmchp_peripheral_32MX795F512L.a(int_tbl_lib.o)
 .debug_str     0x000014fa        0x0 c:/program files (x86)/microchip/xc32/v1.34/bin/bin/../../lib/gcc/pic32mx/4.5.2/../../../../pic32mx/lib\libmchp_peripheral_32MX795F512L.a(uart_lib.o)
 .debug_str     0x000014fa        0x0 c:/program files (x86)/microchip/xc32/v1.34/bin/bin/../../lib/gcc/pic32mx/4.5.2/../../../../pic32mx/lib\libmchp_peripheral_32MX795F512L.a(idle_i2c2_lib_legacy.o)
 .debug_str     0x000014fa        0x0 c:/program files (x86)/microchip/xc32/v1.34/bin/bin/../../lib/gcc/pic32mx/4.5.2/../../../../pic32mx/lib\libmchp_peripheral_32MX795F512L.a(master_gets_i2c2_lib_legacy.o)
 .debug_str     0x000014fa        0x0 c:/program files (x86)/microchip/xc32/v1.34/bin/bin/../../lib/gcc/pic32mx/4.5.2/../../../../pic32mx/lib\libmchp_peripheral_32MX795F512L.a(master_write_i2c2_lib_legacy.o)
 .debug_str     0x000014fa        0x0 c:/program files (x86)/microchip/xc32/v1.34/bin/bin/../../lib/gcc/pic32mx/4.5.2/../../../../pic32mx/lib\libpic32.a(default-bootstrap-exception-handler.o)
 .debug_str     0x000014fa        0x0 c:/program files (x86)/microchip/xc32/v1.34/bin/bin/../../lib/gcc/pic32mx/4.5.2/../../../../pic32mx/lib\libpic32.a(default-on-reset.o)
 .debug_str     0x000014fa        0x0 c:/program files (x86)/microchip/xc32/v1.34/bin/bin/../../lib/gcc/pic32mx/4.5.2/../../../../pic32mx/lib\libpic32.a(default-on-bootstrap.o)
 .debug_str     0x000014fa        0x0 c:/program files (x86)/microchip/xc32/v1.34/bin/bin/../../lib/gcc/pic32mx/4.5.2/../../../../pic32mx/lib\libpic32.a(defaultinterrupt.o)

.debug_loc
 *(.debug_loc)

.debug_macinfo
 *(.debug_macinfo)

.debug_weaknames
 *(.debug_weaknames)

.debug_funcnames
 *(.debug_funcnames)

.debug_typenames
 *(.debug_typenames)

.debug_varnames
 *(.debug_varnames)

.debug_pubtypes
                0x00000000      0xea1
 *(.debug_pubtypes)
 .debug_pubtypes
                0x00000000      0x2af build/XC32_PIC32MX795F512L/production/USB/usb_device.o
 .debug_pubtypes
                0x000002af      0x132 build/XC32_PIC32MX795F512L/production/USB/usb_function_hid.o
 .debug_pubtypes
                0x000003e1       0xe7 build/XC32_PIC32MX795F512L/production/configuration_bits.o
 .debug_pubtypes
                0x000004c8       0xe7 build/XC32_PIC32MX795F512L/production/exceptions.o
 .debug_pubtypes
                0x000005af       0xe7 build/XC32_PIC32MX795F512L/production/interrupts.o
 .debug_pubtypes
                0x00000696      0x1ac build/XC32_PIC32MX795F512L/production/main.o
 .debug_pubtypes
                0x00000842       0xe7 build/XC32_PIC32MX795F512L/production/system.o
 .debug_pubtypes
                0x00000929       0xe7 build/XC32_PIC32MX795F512L/production/user.o
 .debug_pubtypes
                0x00000a10      0x12e build/XC32_PIC32MX795F512L/production/usb_descriptors.o
 .debug_pubtypes
                0x00000b3e      0x113 build/XC32_PIC32MX795F512L/production/RS485.o
 .debug_pubtypes
                0x00000c51       0xe7 build/XC32_PIC32MX795F512L/production/i2c.o
 .debug_pubtypes
                0x00000d38      0x113 build/XC32_PIC32MX795F512L/production/debug.o
 .debug_pubtypes
                0x00000e4b       0x56 build/XC32_PIC32MX795F512L/production/steppercontrol.o

.debug_ranges   0x00000000      0x1c8
 *(.debug_ranges)
 .debug_ranges  0x00000000       0x18 build/XC32_PIC32MX795F512L/production/USB/usb_device.o
 .debug_ranges  0x00000018       0x30 build/XC32_PIC32MX795F512L/production/main.o
 .debug_ranges  0x00000048       0x10 c:/program files (x86)/microchip/xc32/v1.34/bin/bin/../../lib/gcc/pic32mx/4.5.2/../../../../pic32mx/lib\libmchp_peripheral.a(read_core_timer_lib.o)
 .debug_ranges  0x00000058       0x18 c:/program files (x86)/microchip/xc32/v1.34/bin/bin/../../lib/gcc/pic32mx/4.5.2/../../../../pic32mx/lib\libmchp_peripheral_32MX795F512L.a(pcache.o)
 .debug_ranges  0x00000070       0x10 c:/program files (x86)/microchip/xc32/v1.34/bin/bin/../../lib/gcc/pic32mx/4.5.2/../../../../pic32mx/lib\libmchp_peripheral_32MX795F512L.a(int_configure_system_lib.o)
 .debug_ranges  0x00000080       0x10 c:/program files (x86)/microchip/xc32/v1.34/bin/bin/../../lib/gcc/pic32mx/4.5.2/../../../../pic32mx/lib\libmchp_peripheral_32MX795F512L.a(int_enable_interrupts_lib.o)
 .debug_ranges  0x00000090       0x10 c:/program files (x86)/microchip/xc32/v1.34/bin/bin/../../lib/gcc/pic32mx/4.5.2/../../../../pic32mx/lib\libmchp_peripheral_32MX795F512L.a(int_disable_interrupts_lib.o)
 .debug_ranges  0x000000a0       0x10 c:/program files (x86)/microchip/xc32/v1.34/bin/bin/../../lib/gcc/pic32mx/4.5.2/../../../../pic32mx/lib\libmchp_peripheral_32MX795F512L.a(int_restore_interrupts_lib.o)
 .debug_ranges  0x000000b0       0x10 c:/program files (x86)/microchip/xc32/v1.34/bin/bin/../../lib/gcc/pic32mx/4.5.2/../../../../pic32mx/lib\libmchp_peripheral_32MX795F512L.a(int_enable_mv_int_lib.o)
 .debug_ranges  0x000000c0       0x50 c:/program files (x86)/microchip/xc32/v1.34/bin/bin/../../lib/gcc/pic32mx/4.5.2/../../../../pic32mx/lib\libmchp_peripheral_32MX795F512L.a(int_tbl_lib.o)
 .debug_ranges  0x00000110       0x48 c:/program files (x86)/microchip/xc32/v1.34/bin/bin/../../lib/gcc/pic32mx/4.5.2/../../../../pic32mx/lib\libmchp_peripheral_32MX795F512L.a(uart_lib.o)
 .debug_ranges  0x00000158       0x10 c:/program files (x86)/microchip/xc32/v1.34/bin/bin/../../lib/gcc/pic32mx/4.5.2/../../../../pic32mx/lib\libmchp_peripheral_32MX795F512L.a(idle_i2c2_lib_legacy.o)
 .debug_ranges  0x00000168       0x10 c:/program files (x86)/microchip/xc32/v1.34/bin/bin/../../lib/gcc/pic32mx/4.5.2/../../../../pic32mx/lib\libmchp_peripheral_32MX795F512L.a(master_gets_i2c2_lib_legacy.o)
 .debug_ranges  0x00000178       0x10 c:/program files (x86)/microchip/xc32/v1.34/bin/bin/../../lib/gcc/pic32mx/4.5.2/../../../../pic32mx/lib\libmchp_peripheral_32MX795F512L.a(master_write_i2c2_lib_legacy.o)
 .debug_ranges  0x00000188       0x10 c:/program files (x86)/microchip/xc32/v1.34/bin/bin/../../lib/gcc/pic32mx/4.5.2/../../../../pic32mx/lib\libpic32.a(default-bootstrap-exception-handler.o)
 .debug_ranges  0x00000198       0x10 c:/program files (x86)/microchip/xc32/v1.34/bin/bin/../../lib/gcc/pic32mx/4.5.2/../../../../pic32mx/lib\libpic32.a(default-on-reset.o)
 .debug_ranges  0x000001a8       0x10 c:/program files (x86)/microchip/xc32/v1.34/bin/bin/../../lib/gcc/pic32mx/4.5.2/../../../../pic32mx/lib\libpic32.a(default-on-bootstrap.o)
 .debug_ranges  0x000001b8       0x10 c:/program files (x86)/microchip/xc32/v1.34/bin/bin/../../lib/gcc/pic32mx/4.5.2/../../../../pic32mx/lib\libpic32.a(defaultinterrupt.o)

.gnu.attributes
                0x00000000       0x10
 *(.gnu.attributes)
 .gnu.attributes
                0x00000000       0x10 build/XC32_PIC32MX795F512L/production/USB/usb_device.o
 .gnu.attributes
                0x00000010       0x10 build/XC32_PIC32MX795F512L/production/USB/usb_function_hid.o
 .gnu.attributes
                0x00000020       0x10 build/XC32_PIC32MX795F512L/production/configuration_bits.o
 .gnu.attributes
                0x00000030       0x10 build/XC32_PIC32MX795F512L/production/exceptions.o
 .gnu.attributes
                0x00000040       0x10 build/XC32_PIC32MX795F512L/production/interrupts.o
 .gnu.attributes
                0x00000050       0x10 build/XC32_PIC32MX795F512L/production/main.o
 .gnu.attributes
                0x00000060       0x10 build/XC32_PIC32MX795F512L/production/system.o
 .gnu.attributes
                0x00000070       0x10 build/XC32_PIC32MX795F512L/production/user.o
 .gnu.attributes
                0x00000080       0x10 build/XC32_PIC32MX795F512L/production/usb_descriptors.o
 .gnu.attributes
                0x00000090       0x10 build/XC32_PIC32MX795F512L/production/RS485.o
 .gnu.attributes
                0x000000a0       0x10 build/XC32_PIC32MX795F512L/production/bluetooth.o
 .gnu.attributes
                0x000000b0       0x10 build/XC32_PIC32MX795F512L/production/i2c.o
 .gnu.attributes
                0x000000c0       0x10 build/XC32_PIC32MX795F512L/production/debug.o
 .gnu.attributes
                0x000000d0       0x10 build/XC32_PIC32MX795F512L/production/steppercontrol.o
 .gnu.attributes
                0x000000e0       0x10 c:/program files (x86)/microchip/xc32/v1.34/bin/bin/../../lib/gcc/pic32mx/4.5.2/../../../../pic32mx/lib\libmchp_peripheral.a(read_core_timer_lib.o)
 .gnu.attributes
                0x000000f0       0x10 c:/program files (x86)/microchip/xc32/v1.34/bin/bin/../../lib/gcc/pic32mx/4.5.2/../../../../pic32mx/lib\libmchp_peripheral_32MX795F512L.a(pcache.o)
 .gnu.attributes
                0x00000100       0x10 c:/program files (x86)/microchip/xc32/v1.34/bin/bin/../../lib/gcc/pic32mx/4.5.2/../../../../pic32mx/lib\libmchp_peripheral_32MX795F512L.a(int_configure_system_lib.o)
 .gnu.attributes
                0x00000110       0x10 c:/program files (x86)/microchip/xc32/v1.34/bin/bin/../../lib/gcc/pic32mx/4.5.2/../../../../pic32mx/lib\libmchp_peripheral_32MX795F512L.a(int_enable_interrupts_lib.o)
 .gnu.attributes
                0x00000120       0x10 c:/program files (x86)/microchip/xc32/v1.34/bin/bin/../../lib/gcc/pic32mx/4.5.2/../../../../pic32mx/lib\libmchp_peripheral_32MX795F512L.a(int_disable_interrupts_lib.o)
 .gnu.attributes
                0x00000130       0x10 c:/program files (x86)/microchip/xc32/v1.34/bin/bin/../../lib/gcc/pic32mx/4.5.2/../../../../pic32mx/lib\libmchp_peripheral_32MX795F512L.a(int_restore_interrupts_lib.o)
 .gnu.attributes
                0x00000140       0x10 c:/program files (x86)/microchip/xc32/v1.34/bin/bin/../../lib/gcc/pic32mx/4.5.2/../../../../pic32mx/lib\libmchp_peripheral_32MX795F512L.a(int_enable_mv_int_lib.o)
 .gnu.attributes
                0x00000150       0x10 c:/program files (x86)/microchip/xc32/v1.34/bin/bin/../../lib/gcc/pic32mx/4.5.2/../../../../pic32mx/lib\libmchp_peripheral_32MX795F512L.a(int_tbl_lib.o)
 .gnu.attributes
                0x00000160       0x10 c:/program files (x86)/microchip/xc32/v1.34/bin/bin/../../lib/gcc/pic32mx/4.5.2/../../../../pic32mx/lib\libmchp_peripheral_32MX795F512L.a(uart_lib.o)
 .gnu.attributes
                0x00000170       0x10 c:/program files (x86)/microchip/xc32/v1.34/bin/bin/../../lib/gcc/pic32mx/4.5.2/../../../../pic32mx/lib\libmchp_peripheral_32MX795F512L.a(idle_i2c2_lib_legacy.o)
 .gnu.attributes
                0x00000180       0x10 c:/program files (x86)/microchip/xc32/v1.34/bin/bin/../../lib/gcc/pic32mx/4.5.2/../../../../pic32mx/lib\libmchp_peripheral_32MX795F512L.a(master_gets_i2c2_lib_legacy.o)
 .gnu.attributes
                0x00000190       0x10 c:/program files (x86)/microchip/xc32/v1.34/bin/bin/../../lib/gcc/pic32mx/4.5.2/../../../../pic32mx/lib\libmchp_peripheral_32MX795F512L.a(master_write_i2c2_lib_legacy.o)
 .gnu.attributes
                0x000001a0       0x10 c:/program files (x86)/microchip/xc32/v1.34/bin/bin/../../lib/gcc/pic32mx/4.5.2/../../../../pic32mx/lib\libpic32.a(default-bootstrap-exception-handler.o)
 .gnu.attributes
                0x000001b0       0x10 c:/program files (x86)/microchip/xc32/v1.34/bin/bin/../../lib/gcc/pic32mx/4.5.2/../../../../pic32mx/lib\libpic32.a(default-on-reset.o)
 .gnu.attributes
                0x000001c0       0x10 c:/program files (x86)/microchip/xc32/v1.34/bin/bin/../../lib/gcc/pic32mx/4.5.2/../../../../pic32mx/lib\libpic32.a(default-on-bootstrap.o)
 .gnu.attributes
                0x000001d0       0x10 c:/program files (x86)/microchip/xc32/v1.34/bin/bin/../../lib/gcc/pic32mx/4.5.2/../../../../pic32mx/lib\libpic32.a(defaultinterrupt.o)
LOAD c:/program files (x86)/microchip/xc32/v1.34/bin/bin/../../lib/gcc/pic32mx/4.5.2\libgcc.a
START GROUP
LOAD c:/program files (x86)/microchip/xc32/v1.34/bin/bin/../../lib/gcc/pic32mx/4.5.2/../../../../pic32mx/lib\libpic32.a
LOAD c:/program files (x86)/microchip/xc32/v1.34/bin/bin/../../lib/gcc/pic32mx/4.5.2/../../../../pic32mx/lib\libdebug.a
LOAD c:/program files (x86)/microchip/xc32/v1.34/bin/bin/../../lib/gcc/pic32mx/4.5.2/../../../../pic32mx/lib\libpic32.a
LOAD c:/program files (x86)/microchip/xc32/v1.34/bin/bin/../../lib/gcc/pic32mx/4.5.2/../../../../pic32mx/lib\libm.a
LOAD c:/program files (x86)/microchip/xc32/v1.34/bin/bin/../../lib/gcc/pic32mx/4.5.2/../../../../pic32mx/lib\libe.a
LOAD c:/program files (x86)/microchip/xc32/v1.34/bin/bin/../../lib/gcc/pic32mx/4.5.2/../../../../pic32mx/lib\libdsp.a
LOAD c:/program files (x86)/microchip/xc32/v1.34/bin/bin/../../lib/gcc/pic32mx/4.5.2\libgcc.a
LOAD c:/program files (x86)/microchip/xc32/v1.34/bin/bin/../../lib/gcc/pic32mx/4.5.2/../../../../pic32mx/lib\libc.a
LOAD c:/program files (x86)/microchip/xc32/v1.34/bin/bin/../../lib/gcc/pic32mx/4.5.2/../../../../pic32mx/lib\libpic32.a
END GROUP
LOAD c:/program files (x86)/microchip/xc32/v1.34/bin/bin/../../lib/gcc/pic32mx/4.5.2\libgcc.a
OUTPUT(dist/XC32_PIC32MX795F512L/production/Soldering_Robot_PIC32.X.production.elf elf32-tradlittlemips)
LOAD stack
LOAD data_init

.reginfo        0x00000000       0x18
 .reginfo       0x00000000       0x18 c:/program files (x86)/microchip/xc32/v1.34/bin/bin/../../lib/gcc/pic32mx/4.5.2/../../../../pic32mx/lib/./proc/32MX795F512L/crt0_mips32r2.o

.stack          0xa0000338       0x20
 .stack         0xa0000338       0x20 stack

.bss%z1         0x00000000        0x0
 .bss           0x00000000        0x0 c:/program files (x86)/microchip/xc32/v1.34/bin/bin/../../lib/gcc/pic32mx/4.5.2/../../../../pic32mx/lib\libpic32.a(defaultinterrupt.o)

.data%z2        0x00000000        0x0
 .data          0x00000000        0x0 c:/program files (x86)/microchip/xc32/v1.34/bin/bin/../../lib/gcc/pic32mx/4.5.2/../../../../pic32mx/lib\libpic32.a(defaultinterrupt.o)

.bss%z3         0x00000000        0x0
 .bss           0x00000000        0x0 c:/program files (x86)/microchip/xc32/v1.34/bin/bin/../../lib/gcc/pic32mx/4.5.2/../../../../pic32mx/lib\libpic32.a(vector51.o)

.data%z4        0x00000000        0x0
 .data          0x00000000        0x0 c:/program files (x86)/microchip/xc32/v1.34/bin/bin/../../lib/gcc/pic32mx/4.5.2/../../../../pic32mx/lib\libpic32.a(vector51.o)

.bss%z5         0x00000000        0x0
 .bss           0x00000000        0x0 c:/program files (x86)/microchip/xc32/v1.34/bin/bin/../../lib/gcc/pic32mx/4.5.2/../../../../pic32mx/lib\libpic32.a(vector49.o)

.data%z6        0x00000000        0x0
 .data          0x00000000        0x0 c:/program files (x86)/microchip/xc32/v1.34/bin/bin/../../lib/gcc/pic32mx/4.5.2/../../../../pic32mx/lib\libpic32.a(vector49.o)

.bss%z7         0x00000000        0x0
 .bss           0x00000000        0x0 c:/program files (x86)/microchip/xc32/v1.34/bin/bin/../../lib/gcc/pic32mx/4.5.2/../../../../pic32mx/lib\libpic32.a(vector48.o)

.data%z8        0x00000000        0x0
 .data          0x00000000        0x0 c:/program files (x86)/microchip/xc32/v1.34/bin/bin/../../lib/gcc/pic32mx/4.5.2/../../../../pic32mx/lib\libpic32.a(vector48.o)

.bss%z9         0x00000000        0x0
 .bss           0x00000000        0x0 c:/program files (x86)/microchip/xc32/v1.34/bin/bin/../../lib/gcc/pic32mx/4.5.2/../../../../pic32mx/lib\libpic32.a(vector47.o)

.data%z10       0x00000000        0x0